../Core/Src/main.c:75:5:main	128	static
../Core/Src/main.c:150:6:SystemClock_Config	96	static
../Core/Src/main.c:194:13:MX_LPUART1_UART_Init	8	static
../Core/Src/main.c:242:13:MX_TIM1_Init	112	static
../Core/Src/main.c:320:13:MX_DMA_Init	16	static
../Core/Src/main.c:342:13:MX_GPIO_Init	48	static
../Core/Src/main.c:381:13:TIM1_IRQHandler	16	static
../Core/Src/main.c:393:6:HAL_TIM_PeriodElapsedCallback	16	static
../Core/Src/main.c:398:6:HAL_GPIO_EXTI_Callback	48	static
../Core/Src/main.c:424:6:Error_Handler	4	static,ignoring_inline_asm
