19:50:11 **** Incremental Build of configuration Debug for project TIMER ****
make -j16 all 
arm-none-eabi-gcc "../Core/Src/main.c" -mcpu=cortex-m4 -std=gnu11 -g3 -DDEBUG -DUSE_HAL_DRIVER -DSTM32L4R5xx -c -I../Core/Inc -I../Drivers/STM32L4xx_HAL_Driver/Inc -I../Drivers/STM32L4xx_HAL_Driver/Inc/Legacy -I../Drivers/CMSIS/Device/ST/STM32L4xx/Include -I../Drivers/CMSIS/Include -O0 -ffunction-sections -fdata-sections -Wall -fstack-usage -fcyclomatic-complexity -MMD -MP -MF"Core/Src/main.d" -MT"Core/Src/main.o" --specs=nano.specs -mfpu=fpv4-sp-d16 -mfloat-abi=hard -mthumb -o "Core/Src/main.o"
arm-none-eabi-g++ -o "TIMER.elf" @"objects.list"   -mcpu=cortex-m4 -T"C:\Users\musa\Desktop\STM_Projects\TIMER\STM32L4R5ZITXP_FLASH.ld" --specs=nosys.specs -Wl,-Map="TIMER.map" -Wl,--gc-sections -static --specs=nano.specs -mfpu=fpv4-sp-d16 -mfloat-abi=hard -mthumb -Wl,--start-group -lc -lm -lstdc++ -lsupc++ -Wl,--end-group
Finished building target: TIMER.elf
 
arm-none-eabi-size  TIMER.elf 
arm-none-eabi-objdump -h -S TIMER.elf  > "TIMER.list"
   text	   data	    bss	    dec	    hex	filename
  11940	     12	   1644	  13596	   351c	TIMER.elf
Finished building: default.size.stdout
 
Finished building: TIMER.list
 
19:50:19 **** Incremental Build of configuration Debug for project TIMER ****
make -j16 all 
arm-none-eabi-size  TIMER.elf 
   text	   data	    bss	    dec	    hex	filename
  11940	     12	   1644	  13596	   351c	TIMER.elf
Finished building: default.size.stdout
 
19:52:13 **** Incremental Build of configuration Debug for project TIMER ****
make -j16 all 
arm-none-eabi-gcc "../Core/Src/main.c" -mcpu=cortex-m4 -std=gnu11 -g3 -DDEBUG -DUSE_HAL_DRIVER -DSTM32L4R5xx -c -I../Core/Inc -I../Drivers/STM32L4xx_HAL_Driver/Inc -I../Drivers/STM32L4xx_HAL_Driver/Inc/Legacy -I../Drivers/CMSIS/Device/ST/STM32L4xx/Include -I../Drivers/CMSIS/Include -O0 -ffunction-sections -fdata-sections -Wall -fstack-usage -fcyclomatic-complexity -MMD -MP -MF"Core/Src/main.d" -MT"Core/Src/main.o" --specs=nano.specs -mfpu=fpv4-sp-d16 -mfloat-abi=hard -mthumb -o "Core/Src/main.o"
arm-none-eabi-g++ -o "TIMER.elf" @"objects.list"   -mcpu=cortex-m4 -T"C:\Users\musa\Desktop\STM_Projects\TIMER\STM32L4R5ZITXP_FLASH.ld" --specs=nosys.specs -Wl,-Map="TIMER.map" -Wl,--gc-sections -static --specs=nano.specs -mfpu=fpv4-sp-d16 -mfloat-abi=hard -mthumb -Wl,--start-group -lc -lm -lstdc++ -lsupc++ -Wl,--end-group
Finished building target: TIMER.elf
 
arm-none-eabi-size  TIMER.elf 
arm-none-eabi-objdump -h -S TIMER.elf  > "TIMER.list"
   text	   data	    bss	    dec	    hex	filename
  12160	     12	   1644	  13816	   35f8	TIMER.elf
Finished building: default.size.stdout
 
Finished building: TIMER.list
 
20:09:23 **** Incremental Build of configuration Debug for project TIMER ****
make -j16 all 
arm-none-eabi-gcc "../Core/Src/main.c" -mcpu=cortex-m4 -std=gnu11 -g3 -DDEBUG -DUSE_HAL_DRIVER -DSTM32L4R5xx -c -I../Core/Inc -I../Drivers/STM32L4xx_HAL_Driver/Inc -I../Drivers/STM32L4xx_HAL_Driver/Inc/Legacy -I../Drivers/CMSIS/Device/ST/STM32L4xx/Include -I../Drivers/CMSIS/Include -O0 -ffunction-sections -fdata-sections -Wall -fstack-usage -fcyclomatic-complexity -MMD -MP -MF"Core/Src/main.d" -MT"Core/Src/main.o" --specs=nano.specs -mfpu=fpv4-sp-d16 -mfloat-abi=hard -mthumb -o "Core/Src/main.o"
../Core/Src/main.c: In function 'TIM1_IRQHandler':
../Core/Src/main.c:266:58: error: 'RESRET' undeclared (first use in this function); did you mean 'RESET'?
  266 |         if (__HAL_TIM_GET_FLAG(htim, TIM_FLAG_UPDATE) != RESRET)
      |                                                          ^~~~~~
      |                                                          RESET
../Core/Src/main.c:266:58: note: each undeclared identifier is reported only once for each function it appears in
make: *** [Core/Src/subdir.mk:34: Core/Src/main.o] Error 1
"make -j16 all" terminated with exit code 2. Build might be incomplete.
20:09:39 **** Incremental Build of configuration Debug for project TIMER ****
make -j16 all 
arm-none-eabi-gcc "../Core/Src/main.c" -mcpu=cortex-m4 -std=gnu11 -g3 -DDEBUG -DUSE_HAL_DRIVER -DSTM32L4R5xx -c -I../Core/Inc -I../Drivers/STM32L4xx_HAL_Driver/Inc -I../Drivers/STM32L4xx_HAL_Driver/Inc/Legacy -I../Drivers/CMSIS/Device/ST/STM32L4xx/Include -I../Drivers/CMSIS/Include -O0 -ffunction-sections -fdata-sections -Wall -fstack-usage -fcyclomatic-complexity -MMD -MP -MF"Core/Src/main.d" -MT"Core/Src/main.o" --specs=nano.specs -mfpu=fpv4-sp-d16 -mfloat-abi=hard -mthumb -o "Core/Src/main.o"
arm-none-eabi-g++ -o "TIMER.elf" @"objects.list"   -mcpu=cortex-m4 -T"C:\Users\musa\Desktop\STM_Projects\TIMER\STM32L4R5ZITXP_FLASH.ld" --specs=nosys.specs -Wl,-Map="TIMER.map" -Wl,--gc-sections -static --specs=nano.specs -mfpu=fpv4-sp-d16 -mfloat-abi=hard -mthumb -Wl,--start-group -lc -lm -lstdc++ -lsupc++ -Wl,--end-group
Finished building target: TIMER.elf
 
arm-none-eabi-size  TIMER.elf 
arm-none-eabi-objdump -h -S TIMER.elf  > "TIMER.list"
   text	   data	    bss	    dec	    hex	filename
  12224	     12	   1644	  13880	   3638	TIMER.elf
Finished building: default.size.stdout
 
Finished building: TIMER.list
 
21:49:16 **** Incremental Build of configuration Debug for project TIMER ****
make -j16 all 
arm-none-eabi-gcc "../Core/Src/main.c" -mcpu=cortex-m4 -std=gnu11 -g3 -DDEBUG -DUSE_HAL_DRIVER -DSTM32L4R5xx -c -I../Core/Inc -I../Drivers/STM32L4xx_HAL_Driver/Inc -I../Drivers/STM32L4xx_HAL_Driver/Inc/Legacy -I../Drivers/CMSIS/Device/ST/STM32L4xx/Include -I../Drivers/CMSIS/Include -O0 -ffunction-sections -fdata-sections -Wall -fstack-usage -fcyclomatic-complexity -MMD -MP -MF"Core/Src/main.d" -MT"Core/Src/main.o" --specs=nano.specs -mfpu=fpv4-sp-d16 -mfloat-abi=hard -mthumb -o "Core/Src/main.o"
arm-none-eabi-g++ -o "TIMER.elf" @"objects.list"   -mcpu=cortex-m4 -T"C:\Users\musa\Desktop\STM_Projects\TIMER\STM32L4R5ZITXP_FLASH.ld" --specs=nosys.specs -Wl,-Map="TIMER.map" -Wl,--gc-sections -static --specs=nano.specs -mfpu=fpv4-sp-d16 -mfloat-abi=hard -mthumb -Wl,--start-group -lc -lm -lstdc++ -lsupc++ -Wl,--end-group
Finished building target: TIMER.elf
 
arm-none-eabi-size  TIMER.elf 
arm-none-eabi-objdump -h -S TIMER.elf  > "TIMER.list"
   text	   data	    bss	    dec	    hex	filename
  12224	     12	   1644	  13880	   3638	TIMER.elf
Finished building: default.size.stdout
 
Finished building: TIMER.list
 
21:51:12 **** Incremental Build of configuration Debug for project TIMER ****
make -j16 all 
arm-none-eabi-gcc "../Core/Src/main.c" -mcpu=cortex-m4 -std=gnu11 -g3 -DDEBUG -DUSE_HAL_DRIVER -DSTM32L4R5xx -c -I../Core/Inc -I../Drivers/STM32L4xx_HAL_Driver/Inc -I../Drivers/STM32L4xx_HAL_Driver/Inc/Legacy -I../Drivers/CMSIS/Device/ST/STM32L4xx/Include -I../Drivers/CMSIS/Include -O0 -ffunction-sections -fdata-sections -Wall -fstack-usage -fcyclomatic-complexity -MMD -MP -MF"Core/Src/main.d" -MT"Core/Src/main.o" --specs=nano.specs -mfpu=fpv4-sp-d16 -mfloat-abi=hard -mthumb -o "Core/Src/main.o"
arm-none-eabi-g++ -o "TIMER.elf" @"objects.list"   -mcpu=cortex-m4 -T"C:\Users\musa\Desktop\STM_Projects\TIMER\STM32L4R5ZITXP_FLASH.ld" --specs=nosys.specs -Wl,-Map="TIMER.map" -Wl,--gc-sections -static --specs=nano.specs -mfpu=fpv4-sp-d16 -mfloat-abi=hard -mthumb -Wl,--start-group -lc -lm -lstdc++ -lsupc++ -Wl,--end-group
Finished building target: TIMER.elf
 
arm-none-eabi-size  TIMER.elf 
arm-none-eabi-objdump -h -S TIMER.elf  > "TIMER.list"
   text	   data	    bss	    dec	    hex	filename
  12240	     12	   1644	  13896	   3648	TIMER.elf
Finished building: default.size.stdout
 
Finished building: TIMER.list
 
21:52:01 **** Incremental Build of configuration Debug for project TIMER ****
make -j16 all 
arm-none-eabi-gcc "../Core/Src/main.c" -mcpu=cortex-m4 -std=gnu11 -g3 -DDEBUG -DUSE_HAL_DRIVER -DSTM32L4R5xx -c -I../Core/Inc -I../Drivers/STM32L4xx_HAL_Driver/Inc -I../Drivers/STM32L4xx_HAL_Driver/Inc/Legacy -I../Drivers/CMSIS/Device/ST/STM32L4xx/Include -I../Drivers/CMSIS/Include -O0 -ffunction-sections -fdata-sections -Wall -fstack-usage -fcyclomatic-complexity -MMD -MP -MF"Core/Src/main.d" -MT"Core/Src/main.o" --specs=nano.specs -mfpu=fpv4-sp-d16 -mfloat-abi=hard -mthumb -o "Core/Src/main.o"
../Core/Src/main.c:265:13: warning: 'TIM1_IRQHandler' defined but not used [-Wunused-function]
  265 | static void TIM1_IRQHandler(TIM_HandleTypeDef *htim)
      |             ^~~~~~~~~~~~~~~
arm-none-eabi-g++ -o "TIMER.elf" @"objects.list"   -mcpu=cortex-m4 -T"C:\Users\musa\Desktop\STM_Projects\TIMER\STM32L4R5ZITXP_FLASH.ld" --specs=nosys.specs -Wl,-Map="TIMER.map" -Wl,--gc-sections -static --specs=nano.specs -mfpu=fpv4-sp-d16 -mfloat-abi=hard -mthumb -Wl,--start-group -lc -lm -lstdc++ -lsupc++ -Wl,--end-group
Finished building target: TIMER.elf
 
arm-none-eabi-size  TIMER.elf 
arm-none-eabi-objdump -h -S TIMER.elf  > "TIMER.list"
   text	   data	    bss	    dec	    hex	filename
  12176	     12	   1644	  13832	   3608	TIMER.elf
Finished building: default.size.stdout
 
Finished building: TIMER.list
 
21:53:09 **** Incremental Build of configuration Debug for project TIMER ****
make -j16 all 
arm-none-eabi-gcc "../Core/Src/main.c" -mcpu=cortex-m4 -std=gnu11 -g3 -DDEBUG -DUSE_HAL_DRIVER -DSTM32L4R5xx -c -I../Core/Inc -I../Drivers/STM32L4xx_HAL_Driver/Inc -I../Drivers/STM32L4xx_HAL_Driver/Inc/Legacy -I../Drivers/CMSIS/Device/ST/STM32L4xx/Include -I../Drivers/CMSIS/Include -O0 -ffunction-sections -fdata-sections -Wall -fstack-usage -fcyclomatic-complexity -MMD -MP -MF"Core/Src/main.d" -MT"Core/Src/main.o" --specs=nano.specs -mfpu=fpv4-sp-d16 -mfloat-abi=hard -mthumb -o "Core/Src/main.o"
../Core/Src/main.c:265:13: warning: 'TIM1_IRQHandler' defined but not used [-Wunused-function]
  265 | static void TIM1_IRQHandler(TIM_HandleTypeDef *htim)
      |             ^~~~~~~~~~~~~~~
arm-none-eabi-g++ -o "TIMER.elf" @"objects.list"   -mcpu=cortex-m4 -T"C:\Users\musa\Desktop\STM_Projects\TIMER\STM32L4R5ZITXP_FLASH.ld" --specs=nosys.specs -Wl,-Map="TIMER.map" -Wl,--gc-sections -static --specs=nano.specs -mfpu=fpv4-sp-d16 -mfloat-abi=hard -mthumb -Wl,--start-group -lc -lm -lstdc++ -lsupc++ -Wl,--end-group
Finished building target: TIMER.elf
 
arm-none-eabi-size  TIMER.elf 
arm-none-eabi-objdump -h -S TIMER.elf  > "TIMER.list"
   text	   data	    bss	    dec	    hex	filename
  12176	     12	   1644	  13832	   3608	TIMER.elf
Finished building: default.size.stdout
 
Finished building: TIMER.list
 
21:53:41 **** Incremental Build of configuration Debug for project TIMER ****
make -j16 all 
arm-none-eabi-gcc "../Core/Src/main.c" -mcpu=cortex-m4 -std=gnu11 -g3 -DDEBUG -DUSE_HAL_DRIVER -DSTM32L4R5xx -c -I../Core/Inc -I../Drivers/STM32L4xx_HAL_Driver/Inc -I../Drivers/STM32L4xx_HAL_Driver/Inc/Legacy -I../Drivers/CMSIS/Device/ST/STM32L4xx/Include -I../Drivers/CMSIS/Include -O0 -ffunction-sections -fdata-sections -Wall -fstack-usage -fcyclomatic-complexity -MMD -MP -MF"Core/Src/main.d" -MT"Core/Src/main.o" --specs=nano.specs -mfpu=fpv4-sp-d16 -mfloat-abi=hard -mthumb -o "Core/Src/main.o"
../Core/Src/main.c:265:13: warning: 'TIM1_IRQHandler' defined but not used [-Wunused-function]
  265 | static void TIM1_IRQHandler(TIM_HandleTypeDef *htim)
      |             ^~~~~~~~~~~~~~~
arm-none-eabi-g++ -o "TIMER.elf" @"objects.list"   -mcpu=cortex-m4 -T"C:\Users\musa\Desktop\STM_Projects\TIMER\STM32L4R5ZITXP_FLASH.ld" --specs=nosys.specs -Wl,-Map="TIMER.map" -Wl,--gc-sections -static --specs=nano.specs -mfpu=fpv4-sp-d16 -mfloat-abi=hard -mthumb -Wl,--start-group -lc -lm -lstdc++ -lsupc++ -Wl,--end-group
Finished building target: TIMER.elf
 
arm-none-eabi-size  TIMER.elf 
arm-none-eabi-objdump -h -S TIMER.elf  > "TIMER.list"
   text	   data	    bss	    dec	    hex	filename
  12176	     12	   1644	  13832	   3608	TIMER.elf
Finished building: default.size.stdout
 
Finished building: TIMER.list
 
22:32:42 **** Incremental Build of configuration Debug for project TIMER ****
make -j16 all 
arm-none-eabi-gcc "../Drivers/STM32L4xx_HAL_Driver/Src/stm32l4xx_hal.c" -mcpu=cortex-m4 -std=gnu11 -g3 -DDEBUG -DUSE_HAL_DRIVER -DSTM32L4R5xx -c -I../Core/Inc -I../Drivers/STM32L4xx_HAL_Driver/Inc -I../Drivers/STM32L4xx_HAL_Driver/Inc/Legacy -I../Drivers/CMSIS/Device/ST/STM32L4xx/Include -I../Drivers/CMSIS/Include -O0 -ffunction-sections -fdata-sections -Wall -fstack-usage -fcyclomatic-complexity -MMD -MP -MF"Drivers/STM32L4xx_HAL_Driver/Src/stm32l4xx_hal.d" -MT"Drivers/STM32L4xx_HAL_Driver/Src/stm32l4xx_hal.o" --specs=nano.specs -mfpu=fpv4-sp-d16 -mfloat-abi=hard -mthumb -o "Drivers/STM32L4xx_HAL_Driver/Src/stm32l4xx_hal.o"
arm-none-eabi-gcc "../Drivers/STM32L4xx_HAL_Driver/Src/stm32l4xx_hal_cortex.c" -mcpu=cortex-m4 -std=gnu11 -g3 -DDEBUG -DUSE_HAL_DRIVER -DSTM32L4R5xx -c -I../Core/Inc -I../Drivers/STM32L4xx_HAL_Driver/Inc -I../Drivers/STM32L4xx_HAL_Driver/Inc/Legacy -I../Drivers/CMSIS/Device/ST/STM32L4xx/Include -I../Drivers/CMSIS/Include -O0 -ffunction-sections -fdata-sections -Wall -fstack-usage -fcyclomatic-complexity -MMD -MP -MF"Drivers/STM32L4xx_HAL_Driver/Src/stm32l4xx_hal_cortex.d" -MT"Drivers/STM32L4xx_HAL_Driver/Src/stm32l4xx_hal_cortex.o" --specs=nano.specs -mfpu=fpv4-sp-d16 -mfloat-abi=hard -mthumb -o "Drivers/STM32L4xx_HAL_Driver/Src/stm32l4xx_hal_cortex.o"
arm-none-eabi-gcc "../Drivers/STM32L4xx_HAL_Driver/Src/stm32l4xx_hal_dma.c" -mcpu=cortex-m4 -std=gnu11 -g3 -DDEBUG -DUSE_HAL_DRIVER -DSTM32L4R5xx -c -I../Core/Inc -I../Drivers/STM32L4xx_HAL_Driver/Inc -I../Drivers/STM32L4xx_HAL_Driver/Inc/Legacy -I../Drivers/CMSIS/Device/ST/STM32L4xx/Include -I../Drivers/CMSIS/Include -O0 -ffunction-sections -fdata-sections -Wall -fstack-usage -fcyclomatic-complexity -MMD -MP -MF"Drivers/STM32L4xx_HAL_Driver/Src/stm32l4xx_hal_dma.d" -MT"Drivers/STM32L4xx_HAL_Driver/Src/stm32l4xx_hal_dma.o" --specs=nano.specs -mfpu=fpv4-sp-d16 -mfloat-abi=hard -mthumb -o "Drivers/STM32L4xx_HAL_Driver/Src/stm32l4xx_hal_dma.o"
arm-none-eabi-gcc "../Drivers/STM32L4xx_HAL_Driver/Src/stm32l4xx_hal_dma_ex.c" -mcpu=cortex-m4 -std=gnu11 -g3 -DDEBUG -DUSE_HAL_DRIVER -DSTM32L4R5xx -c -I../Core/Inc -I../Drivers/STM32L4xx_HAL_Driver/Inc -I../Drivers/STM32L4xx_HAL_Driver/Inc/Legacy -I../Drivers/CMSIS/Device/ST/STM32L4xx/Include -I../Drivers/CMSIS/Include -O0 -ffunction-sections -fdata-sections -Wall -fstack-usage -fcyclomatic-complexity -MMD -MP -MF"Drivers/STM32L4xx_HAL_Driver/Src/stm32l4xx_hal_dma_ex.d" -MT"Drivers/STM32L4xx_HAL_Driver/Src/stm32l4xx_hal_dma_ex.o" --specs=nano.specs -mfpu=fpv4-sp-d16 -mfloat-abi=hard -mthumb -o "Drivers/STM32L4xx_HAL_Driver/Src/stm32l4xx_hal_dma_ex.o"
arm-none-eabi-gcc "../Drivers/STM32L4xx_HAL_Driver/Src/stm32l4xx_hal_exti.c" -mcpu=cortex-m4 -std=gnu11 -g3 -DDEBUG -DUSE_HAL_DRIVER -DSTM32L4R5xx -c -I../Core/Inc -I../Drivers/STM32L4xx_HAL_Driver/Inc -I../Drivers/STM32L4xx_HAL_Driver/Inc/Legacy -I../Drivers/CMSIS/Device/ST/STM32L4xx/Include -I../Drivers/CMSIS/Include -O0 -ffunction-sections -fdata-sections -Wall -fstack-usage -fcyclomatic-complexity -MMD -MP -MF"Drivers/STM32L4xx_HAL_Driver/Src/stm32l4xx_hal_exti.d" -MT"Drivers/STM32L4xx_HAL_Driver/Src/stm32l4xx_hal_exti.o" --specs=nano.specs -mfpu=fpv4-sp-d16 -mfloat-abi=hard -mthumb -o "Drivers/STM32L4xx_HAL_Driver/Src/stm32l4xx_hal_exti.o"
arm-none-eabi-gcc "../Drivers/STM32L4xx_HAL_Driver/Src/stm32l4xx_hal_flash.c" -mcpu=cortex-m4 -std=gnu11 -g3 -DDEBUG -DUSE_HAL_DRIVER -DSTM32L4R5xx -c -I../Core/Inc -I../Drivers/STM32L4xx_HAL_Driver/Inc -I../Drivers/STM32L4xx_HAL_Driver/Inc/Legacy -I../Drivers/CMSIS/Device/ST/STM32L4xx/Include -I../Drivers/CMSIS/Include -O0 -ffunction-sections -fdata-sections -Wall -fstack-usage -fcyclomatic-complexity -MMD -MP -MF"Drivers/STM32L4xx_HAL_Driver/Src/stm32l4xx_hal_flash.d" -MT"Drivers/STM32L4xx_HAL_Driver/Src/stm32l4xx_hal_flash.o" --specs=nano.specs -mfpu=fpv4-sp-d16 -mfloat-abi=hard -mthumb -o "Drivers/STM32L4xx_HAL_Driver/Src/stm32l4xx_hal_flash.o"
arm-none-eabi-gcc "../Drivers/STM32L4xx_HAL_Driver/Src/stm32l4xx_hal_flash_ex.c" -mcpu=cortex-m4 -std=gnu11 -g3 -DDEBUG -DUSE_HAL_DRIVER -DSTM32L4R5xx -c -I../Core/Inc -I../Drivers/STM32L4xx_HAL_Driver/Inc -I../Drivers/STM32L4xx_HAL_Driver/Inc/Legacy -I../Drivers/CMSIS/Device/ST/STM32L4xx/Include -I../Drivers/CMSIS/Include -O0 -ffunction-sections -fdata-sections -Wall -fstack-usage -fcyclomatic-complexity -MMD -MP -MF"Drivers/STM32L4xx_HAL_Driver/Src/stm32l4xx_hal_flash_ex.d" -MT"Drivers/STM32L4xx_HAL_Driver/Src/stm32l4xx_hal_flash_ex.o" --specs=nano.specs -mfpu=fpv4-sp-d16 -mfloat-abi=hard -mthumb -o "Drivers/STM32L4xx_HAL_Driver/Src/stm32l4xx_hal_flash_ex.o"
arm-none-eabi-gcc "../Drivers/STM32L4xx_HAL_Driver/Src/stm32l4xx_hal_flash_ramfunc.c" -mcpu=cortex-m4 -std=gnu11 -g3 -DDEBUG -DUSE_HAL_DRIVER -DSTM32L4R5xx -c -I../Core/Inc -I../Drivers/STM32L4xx_HAL_Driver/Inc -I../Drivers/STM32L4xx_HAL_Driver/Inc/Legacy -I../Drivers/CMSIS/Device/ST/STM32L4xx/Include -I../Drivers/CMSIS/Include -O0 -ffunction-sections -fdata-sections -Wall -fstack-usage -fcyclomatic-complexity -MMD -MP -MF"Drivers/STM32L4xx_HAL_Driver/Src/stm32l4xx_hal_flash_ramfunc.d" -MT"Drivers/STM32L4xx_HAL_Driver/Src/stm32l4xx_hal_flash_ramfunc.o" --specs=nano.specs -mfpu=fpv4-sp-d16 -mfloat-abi=hard -mthumb -o "Drivers/STM32L4xx_HAL_Driver/Src/stm32l4xx_hal_flash_ramfunc.o"
arm-none-eabi-gcc "../Drivers/STM32L4xx_HAL_Driver/Src/stm32l4xx_hal_gpio.c" -mcpu=cortex-m4 -std=gnu11 -g3 -DDEBUG -DUSE_HAL_DRIVER -DSTM32L4R5xx -c -I../Core/Inc -I../Drivers/STM32L4xx_HAL_Driver/Inc -I../Drivers/STM32L4xx_HAL_Driver/Inc/Legacy -I../Drivers/CMSIS/Device/ST/STM32L4xx/Include -I../Drivers/CMSIS/Include -O0 -ffunction-sections -fdata-sections -Wall -fstack-usage -fcyclomatic-complexity -MMD -MP -MF"Drivers/STM32L4xx_HAL_Driver/Src/stm32l4xx_hal_gpio.d" -MT"Drivers/STM32L4xx_HAL_Driver/Src/stm32l4xx_hal_gpio.o" --specs=nano.specs -mfpu=fpv4-sp-d16 -mfloat-abi=hard -mthumb -o "Drivers/STM32L4xx_HAL_Driver/Src/stm32l4xx_hal_gpio.o"
arm-none-eabi-gcc "../Drivers/STM32L4xx_HAL_Driver/Src/stm32l4xx_hal_i2c.c" -mcpu=cortex-m4 -std=gnu11 -g3 -DDEBUG -DUSE_HAL_DRIVER -DSTM32L4R5xx -c -I../Core/Inc -I../Drivers/STM32L4xx_HAL_Driver/Inc -I../Drivers/STM32L4xx_HAL_Driver/Inc/Legacy -I../Drivers/CMSIS/Device/ST/STM32L4xx/Include -I../Drivers/CMSIS/Include -O0 -ffunction-sections -fdata-sections -Wall -fstack-usage -fcyclomatic-complexity -MMD -MP -MF"Drivers/STM32L4xx_HAL_Driver/Src/stm32l4xx_hal_i2c.d" -MT"Drivers/STM32L4xx_HAL_Driver/Src/stm32l4xx_hal_i2c.o" --specs=nano.specs -mfpu=fpv4-sp-d16 -mfloat-abi=hard -mthumb -o "Drivers/STM32L4xx_HAL_Driver/Src/stm32l4xx_hal_i2c.o"
arm-none-eabi-gcc "../Drivers/STM32L4xx_HAL_Driver/Src/stm32l4xx_hal_i2c_ex.c" -mcpu=cortex-m4 -std=gnu11 -g3 -DDEBUG -DUSE_HAL_DRIVER -DSTM32L4R5xx -c -I../Core/Inc -I../Drivers/STM32L4xx_HAL_Driver/Inc -I../Drivers/STM32L4xx_HAL_Driver/Inc/Legacy -I../Drivers/CMSIS/Device/ST/STM32L4xx/Include -I../Drivers/CMSIS/Include -O0 -ffunction-sections -fdata-sections -Wall -fstack-usage -fcyclomatic-complexity -MMD -MP -MF"Drivers/STM32L4xx_HAL_Driver/Src/stm32l4xx_hal_i2c_ex.d" -MT"Drivers/STM32L4xx_HAL_Driver/Src/stm32l4xx_hal_i2c_ex.o" --specs=nano.specs -mfpu=fpv4-sp-d16 -mfloat-abi=hard -mthumb -o "Drivers/STM32L4xx_HAL_Driver/Src/stm32l4xx_hal_i2c_ex.o"
arm-none-eabi-gcc "../Drivers/STM32L4xx_HAL_Driver/Src/stm32l4xx_hal_pwr.c" -mcpu=cortex-m4 -std=gnu11 -g3 -DDEBUG -DUSE_HAL_DRIVER -DSTM32L4R5xx -c -I../Core/Inc -I../Drivers/STM32L4xx_HAL_Driver/Inc -I../Drivers/STM32L4xx_HAL_Driver/Inc/Legacy -I../Drivers/CMSIS/Device/ST/STM32L4xx/Include -I../Drivers/CMSIS/Include -O0 -ffunction-sections -fdata-sections -Wall -fstack-usage -fcyclomatic-complexity -MMD -MP -MF"Drivers/STM32L4xx_HAL_Driver/Src/stm32l4xx_hal_pwr.d" -MT"Drivers/STM32L4xx_HAL_Driver/Src/stm32l4xx_hal_pwr.o" --specs=nano.specs -mfpu=fpv4-sp-d16 -mfloat-abi=hard -mthumb -o "Drivers/STM32L4xx_HAL_Driver/Src/stm32l4xx_hal_pwr.o"
arm-none-eabi-gcc "../Drivers/STM32L4xx_HAL_Driver/Src/stm32l4xx_hal_pwr_ex.c" -mcpu=cortex-m4 -std=gnu11 -g3 -DDEBUG -DUSE_HAL_DRIVER -DSTM32L4R5xx -c -I../Core/Inc -I../Drivers/STM32L4xx_HAL_Driver/Inc -I../Drivers/STM32L4xx_HAL_Driver/Inc/Legacy -I../Drivers/CMSIS/Device/ST/STM32L4xx/Include -I../Drivers/CMSIS/Include -O0 -ffunction-sections -fdata-sections -Wall -fstack-usage -fcyclomatic-complexity -MMD -MP -MF"Drivers/STM32L4xx_HAL_Driver/Src/stm32l4xx_hal_pwr_ex.d" -MT"Drivers/STM32L4xx_HAL_Driver/Src/stm32l4xx_hal_pwr_ex.o" --specs=nano.specs -mfpu=fpv4-sp-d16 -mfloat-abi=hard -mthumb -o "Drivers/STM32L4xx_HAL_Driver/Src/stm32l4xx_hal_pwr_ex.o"
arm-none-eabi-gcc "../Drivers/STM32L4xx_HAL_Driver/Src/stm32l4xx_hal_rcc.c" -mcpu=cortex-m4 -std=gnu11 -g3 -DDEBUG -DUSE_HAL_DRIVER -DSTM32L4R5xx -c -I../Core/Inc -I../Drivers/STM32L4xx_HAL_Driver/Inc -I../Drivers/STM32L4xx_HAL_Driver/Inc/Legacy -I../Drivers/CMSIS/Device/ST/STM32L4xx/Include -I../Drivers/CMSIS/Include -O0 -ffunction-sections -fdata-sections -Wall -fstack-usage -fcyclomatic-complexity -MMD -MP -MF"Drivers/STM32L4xx_HAL_Driver/Src/stm32l4xx_hal_rcc.d" -MT"Drivers/STM32L4xx_HAL_Driver/Src/stm32l4xx_hal_rcc.o" --specs=nano.specs -mfpu=fpv4-sp-d16 -mfloat-abi=hard -mthumb -o "Drivers/STM32L4xx_HAL_Driver/Src/stm32l4xx_hal_rcc.o"
arm-none-eabi-gcc "../Drivers/STM32L4xx_HAL_Driver/Src/stm32l4xx_hal_rcc_ex.c" -mcpu=cortex-m4 -std=gnu11 -g3 -DDEBUG -DUSE_HAL_DRIVER -DSTM32L4R5xx -c -I../Core/Inc -I../Drivers/STM32L4xx_HAL_Driver/Inc -I../Drivers/STM32L4xx_HAL_Driver/Inc/Legacy -I../Drivers/CMSIS/Device/ST/STM32L4xx/Include -I../Drivers/CMSIS/Include -O0 -ffunction-sections -fdata-sections -Wall -fstack-usage -fcyclomatic-complexity -MMD -MP -MF"Drivers/STM32L4xx_HAL_Driver/Src/stm32l4xx_hal_rcc_ex.d" -MT"Drivers/STM32L4xx_HAL_Driver/Src/stm32l4xx_hal_rcc_ex.o" --specs=nano.specs -mfpu=fpv4-sp-d16 -mfloat-abi=hard -mthumb -o "Drivers/STM32L4xx_HAL_Driver/Src/stm32l4xx_hal_rcc_ex.o"
arm-none-eabi-gcc "../Drivers/STM32L4xx_HAL_Driver/Src/stm32l4xx_hal_tim.c" -mcpu=cortex-m4 -std=gnu11 -g3 -DDEBUG -DUSE_HAL_DRIVER -DSTM32L4R5xx -c -I../Core/Inc -I../Drivers/STM32L4xx_HAL_Driver/Inc -I../Drivers/STM32L4xx_HAL_Driver/Inc/Legacy -I../Drivers/CMSIS/Device/ST/STM32L4xx/Include -I../Drivers/CMSIS/Include -O0 -ffunction-sections -fdata-sections -Wall -fstack-usage -fcyclomatic-complexity -MMD -MP -MF"Drivers/STM32L4xx_HAL_Driver/Src/stm32l4xx_hal_tim.d" -MT"Drivers/STM32L4xx_HAL_Driver/Src/stm32l4xx_hal_tim.o" --specs=nano.specs -mfpu=fpv4-sp-d16 -mfloat-abi=hard -mthumb -o "Drivers/STM32L4xx_HAL_Driver/Src/stm32l4xx_hal_tim.o"
arm-none-eabi-gcc "../Drivers/STM32L4xx_HAL_Driver/Src/stm32l4xx_hal_tim_ex.c" -mcpu=cortex-m4 -std=gnu11 -g3 -DDEBUG -DUSE_HAL_DRIVER -DSTM32L4R5xx -c -I../Core/Inc -I../Drivers/STM32L4xx_HAL_Driver/Inc -I../Drivers/STM32L4xx_HAL_Driver/Inc/Legacy -I../Drivers/CMSIS/Device/ST/STM32L4xx/Include -I../Drivers/CMSIS/Include -O0 -ffunction-sections -fdata-sections -Wall -fstack-usage -fcyclomatic-complexity -MMD -MP -MF"Drivers/STM32L4xx_HAL_Driver/Src/stm32l4xx_hal_tim_ex.d" -MT"Drivers/STM32L4xx_HAL_Driver/Src/stm32l4xx_hal_tim_ex.o" --specs=nano.specs -mfpu=fpv4-sp-d16 -mfloat-abi=hard -mthumb -o "Drivers/STM32L4xx_HAL_Driver/Src/stm32l4xx_hal_tim_ex.o"
arm-none-eabi-gcc "../Drivers/STM32L4xx_HAL_Driver/Src/stm32l4xx_hal_uart.c" -mcpu=cortex-m4 -std=gnu11 -g3 -DDEBUG -DUSE_HAL_DRIVER -DSTM32L4R5xx -c -I../Core/Inc -I../Drivers/STM32L4xx_HAL_Driver/Inc -I../Drivers/STM32L4xx_HAL_Driver/Inc/Legacy -I../Drivers/CMSIS/Device/ST/STM32L4xx/Include -I../Drivers/CMSIS/Include -O0 -ffunction-sections -fdata-sections -Wall -fstack-usage -fcyclomatic-complexity -MMD -MP -MF"Drivers/STM32L4xx_HAL_Driver/Src/stm32l4xx_hal_uart.d" -MT"Drivers/STM32L4xx_HAL_Driver/Src/stm32l4xx_hal_uart.o" --specs=nano.specs -mfpu=fpv4-sp-d16 -mfloat-abi=hard -mthumb -o "Drivers/STM32L4xx_HAL_Driver/Src/stm32l4xx_hal_uart.o"
arm-none-eabi-gcc "../Drivers/STM32L4xx_HAL_Driver/Src/stm32l4xx_hal_uart_ex.c" -mcpu=cortex-m4 -std=gnu11 -g3 -DDEBUG -DUSE_HAL_DRIVER -DSTM32L4R5xx -c -I../Core/Inc -I../Drivers/STM32L4xx_HAL_Driver/Inc -I../Drivers/STM32L4xx_HAL_Driver/Inc/Legacy -I../Drivers/CMSIS/Device/ST/STM32L4xx/Include -I../Drivers/CMSIS/Include -O0 -ffunction-sections -fdata-sections -Wall -fstack-usage -fcyclomatic-complexity -MMD -MP -MF"Drivers/STM32L4xx_HAL_Driver/Src/stm32l4xx_hal_uart_ex.d" -MT"Drivers/STM32L4xx_HAL_Driver/Src/stm32l4xx_hal_uart_ex.o" --specs=nano.specs -mfpu=fpv4-sp-d16 -mfloat-abi=hard -mthumb -o "Drivers/STM32L4xx_HAL_Driver/Src/stm32l4xx_hal_uart_ex.o"
arm-none-eabi-gcc "../Core/Src/main.c" -mcpu=cortex-m4 -std=gnu11 -g3 -DDEBUG -DUSE_HAL_DRIVER -DSTM32L4R5xx -c -I../Core/Inc -I../Drivers/STM32L4xx_HAL_Driver/Inc -I../Drivers/STM32L4xx_HAL_Driver/Inc/Legacy -I../Drivers/CMSIS/Device/ST/STM32L4xx/Include -I../Drivers/CMSIS/Include -O0 -ffunction-sections -fdata-sections -Wall -fstack-usage -fcyclomatic-complexity -MMD -MP -MF"Core/Src/main.d" -MT"Core/Src/main.o" --specs=nano.specs -mfpu=fpv4-sp-d16 -mfloat-abi=hard -mthumb -o "Core/Src/main.o"
arm-none-eabi-gcc "../Core/Src/stm32l4xx_hal_msp.c" -mcpu=cortex-m4 -std=gnu11 -g3 -DDEBUG -DUSE_HAL_DRIVER -DSTM32L4R5xx -c -I../Core/Inc -I../Drivers/STM32L4xx_HAL_Driver/Inc -I../Drivers/STM32L4xx_HAL_Driver/Inc/Legacy -I../Drivers/CMSIS/Device/ST/STM32L4xx/Include -I../Drivers/CMSIS/Include -O0 -ffunction-sections -fdata-sections -Wall -fstack-usage -fcyclomatic-complexity -MMD -MP -MF"Core/Src/stm32l4xx_hal_msp.d" -MT"Core/Src/stm32l4xx_hal_msp.o" --specs=nano.specs -mfpu=fpv4-sp-d16 -mfloat-abi=hard -mthumb -o "Core/Src/stm32l4xx_hal_msp.o"
arm-none-eabi-gcc "../Core/Src/stm32l4xx_it.c" -mcpu=cortex-m4 -std=gnu11 -g3 -DDEBUG -DUSE_HAL_DRIVER -DSTM32L4R5xx -c -I../Core/Inc -I../Drivers/STM32L4xx_HAL_Driver/Inc -I../Drivers/STM32L4xx_HAL_Driver/Inc/Legacy -I../Drivers/CMSIS/Device/ST/STM32L4xx/Include -I../Drivers/CMSIS/Include -O0 -ffunction-sections -fdata-sections -Wall -fstack-usage -fcyclomatic-complexity -MMD -MP -MF"Core/Src/stm32l4xx_it.d" -MT"Core/Src/stm32l4xx_it.o" --specs=nano.specs -mfpu=fpv4-sp-d16 -mfloat-abi=hard -mthumb -o "Core/Src/stm32l4xx_it.o"
arm-none-eabi-gcc "../Core/Src/syscalls.c" -mcpu=cortex-m4 -std=gnu11 -g3 -DDEBUG -DUSE_HAL_DRIVER -DSTM32L4R5xx -c -I../Core/Inc -I../Drivers/STM32L4xx_HAL_Driver/Inc -I../Drivers/STM32L4xx_HAL_Driver/Inc/Legacy -I../Drivers/CMSIS/Device/ST/STM32L4xx/Include -I../Drivers/CMSIS/Include -O0 -ffunction-sections -fdata-sections -Wall -fstack-usage -fcyclomatic-complexity -MMD -MP -MF"Core/Src/syscalls.d" -MT"Core/Src/syscalls.o" --specs=nano.specs -mfpu=fpv4-sp-d16 -mfloat-abi=hard -mthumb -o "Core/Src/syscalls.o"
arm-none-eabi-gcc "../Core/Src/sysmem.c" -mcpu=cortex-m4 -std=gnu11 -g3 -DDEBUG -DUSE_HAL_DRIVER -DSTM32L4R5xx -c -I../Core/Inc -I../Drivers/STM32L4xx_HAL_Driver/Inc -I../Drivers/STM32L4xx_HAL_Driver/Inc/Legacy -I../Drivers/CMSIS/Device/ST/STM32L4xx/Include -I../Drivers/CMSIS/Include -O0 -ffunction-sections -fdata-sections -Wall -fstack-usage -fcyclomatic-complexity -MMD -MP -MF"Core/Src/sysmem.d" -MT"Core/Src/sysmem.o" --specs=nano.specs -mfpu=fpv4-sp-d16 -mfloat-abi=hard -mthumb -o "Core/Src/sysmem.o"
arm-none-eabi-gcc "../Core/Src/system_stm32l4xx.c" -mcpu=cortex-m4 -std=gnu11 -g3 -DDEBUG -DUSE_HAL_DRIVER -DSTM32L4R5xx -c -I../Core/Inc -I../Drivers/STM32L4xx_HAL_Driver/Inc -I../Drivers/STM32L4xx_HAL_Driver/Inc/Legacy -I../Drivers/CMSIS/Device/ST/STM32L4xx/Include -I../Drivers/CMSIS/Include -O0 -ffunction-sections -fdata-sections -Wall -fstack-usage -fcyclomatic-complexity -MMD -MP -MF"Core/Src/system_stm32l4xx.d" -MT"Core/Src/system_stm32l4xx.o" --specs=nano.specs -mfpu=fpv4-sp-d16 -mfloat-abi=hard -mthumb -o "Core/Src/system_stm32l4xx.o"
arm-none-eabi-gcc "../Core/Src/uart_driver.c" -mcpu=cortex-m4 -std=gnu11 -g3 -DDEBUG -DUSE_HAL_DRIVER -DSTM32L4R5xx -c -I../Core/Inc -I../Drivers/STM32L4xx_HAL_Driver/Inc -I../Drivers/STM32L4xx_HAL_Driver/Inc/Legacy -I../Drivers/CMSIS/Device/ST/STM32L4xx/Include -I../Drivers/CMSIS/Include -O0 -ffunction-sections -fdata-sections -Wall -fstack-usage -fcyclomatic-complexity -MMD -MP -MF"Core/Src/uart_driver.d" -MT"Core/Src/uart_driver.o" --specs=nano.specs -mfpu=fpv4-sp-d16 -mfloat-abi=hard -mthumb -o "Core/Src/uart_driver.o"
../Core/Src/main.c:318:13: warning: 'TIM1_IRQHandler' defined but not used [-Wunused-function]
  318 | static void TIM1_IRQHandler(TIM_HandleTypeDef *htim)
      |             ^~~~~~~~~~~~~~~
arm-none-eabi-g++ -o "TIMER.elf" @"objects.list"   -mcpu=cortex-m4 -T"C:\Users\musa\Desktop\STM_Projects\TIMER\STM32L4R5ZITXP_FLASH.ld" --specs=nosys.specs -Wl,-Map="TIMER.map" -Wl,--gc-sections -static --specs=nano.specs -mfpu=fpv4-sp-d16 -mfloat-abi=hard -mthumb -Wl,--start-group -lc -lm -lstdc++ -lsupc++ -Wl,--end-group
Finished building target: TIMER.elf
 
arm-none-eabi-size  TIMER.elf 
arm-none-eabi-objdump -h -S TIMER.elf  > "TIMER.list"
   text	   data	    bss	    dec	    hex	filename
  19368	     12	   1796	  21176	   52b8	TIMER.elf
Finished building: default.size.stdout
 
Finished building: TIMER.list
 
22:33:09 **** Incremental Build of configuration Debug for project TIMER ****
make -j16 all 
arm-none-eabi-gcc "../Core/Src/main.c" -mcpu=cortex-m4 -std=gnu11 -g3 -DDEBUG -DUSE_HAL_DRIVER -DSTM32L4R5xx -c -I../Core/Inc -I../Drivers/STM32L4xx_HAL_Driver/Inc -I../Drivers/STM32L4xx_HAL_Driver/Inc/Legacy -I../Drivers/CMSIS/Device/ST/STM32L4xx/Include -I../Drivers/CMSIS/Include -O0 -ffunction-sections -fdata-sections -Wall -fstack-usage -fcyclomatic-complexity -MMD -MP -MF"Core/Src/main.d" -MT"Core/Src/main.o" --specs=nano.specs -mfpu=fpv4-sp-d16 -mfloat-abi=hard -mthumb -o "Core/Src/main.o"
../Core/Src/main.c:318:13: warning: 'TIM1_IRQHandler' defined but not used [-Wunused-function]
  318 | static void TIM1_IRQHandler(TIM_HandleTypeDef *htim)
      |             ^~~~~~~~~~~~~~~
arm-none-eabi-g++ -o "TIMER.elf" @"objects.list"   -mcpu=cortex-m4 -T"C:\Users\musa\Desktop\STM_Projects\TIMER\STM32L4R5ZITXP_FLASH.ld" --specs=nosys.specs -Wl,-Map="TIMER.map" -Wl,--gc-sections -static --specs=nano.specs -mfpu=fpv4-sp-d16 -mfloat-abi=hard -mthumb -Wl,--start-group -lc -lm -lstdc++ -lsupc++ -Wl,--end-group
Finished building target: TIMER.elf
 
arm-none-eabi-size  TIMER.elf 
arm-none-eabi-objdump -h -S TIMER.elf  > "TIMER.list"
   text	   data	    bss	    dec	    hex	filename
  19368	     12	   1796	  21176	   52b8	TIMER.elf
Finished building: default.size.stdout
 
Finished building: TIMER.list
 
22:46:45 **** Incremental Build of configuration Debug for project TIMER ****
make -j16 all 
arm-none-eabi-gcc "../Core/Src/main.c" -mcpu=cortex-m4 -std=gnu11 -g3 -DDEBUG -DUSE_HAL_DRIVER -DSTM32L4R5xx -c -I../Core/Inc -I../Drivers/STM32L4xx_HAL_Driver/Inc -I../Drivers/STM32L4xx_HAL_Driver/Inc/Legacy -I../Drivers/CMSIS/Device/ST/STM32L4xx/Include -I../Drivers/CMSIS/Include -O0 -ffunction-sections -fdata-sections -Wall -fstack-usage -fcyclomatic-complexity -MMD -MP -MF"Core/Src/main.d" -MT"Core/Src/main.o" --specs=nano.specs -mfpu=fpv4-sp-d16 -mfloat-abi=hard -mthumb -o "Core/Src/main.o"
arm-none-eabi-gcc "../Core/Src/uart_driver.c" -mcpu=cortex-m4 -std=gnu11 -g3 -DDEBUG -DUSE_HAL_DRIVER -DSTM32L4R5xx -c -I../Core/Inc -I../Drivers/STM32L4xx_HAL_Driver/Inc -I../Drivers/STM32L4xx_HAL_Driver/Inc/Legacy -I../Drivers/CMSIS/Device/ST/STM32L4xx/Include -I../Drivers/CMSIS/Include -O0 -ffunction-sections -fdata-sections -Wall -fstack-usage -fcyclomatic-complexity -MMD -MP -MF"Core/Src/uart_driver.d" -MT"Core/Src/uart_driver.o" --specs=nano.specs -mfpu=fpv4-sp-d16 -mfloat-abi=hard -mthumb -o "Core/Src/uart_driver.o"
../Core/Src/main.c: In function 'main':
../Core/Src/main.c:111:11: warning: implicit declaration of function 'sprintf' [-Wimplicit-function-declaration]
  111 |           sprintf(MSG, "Ticks = %d \n\r", counterTicks);
      |           ^~~~~~~
../Core/Src/uart_driver.c: In function 'transmit_UART_MSG':
../Core/Src/main.c:21:1: note: include '<stdio.h>' or provide a declaration of 'sprintf'
   20 | #include "main.h"
  +++ |+#include <stdio.h>
   21 | 
../Core/Src/uart_driver.c:17:49: warning: passing argument 2 of 'HAL_UART_Transmit' makes pointer from integer without a cast [-Wint-conversion]
   17 |                 HAL_UART_Transmit(&hlpuart1, msg[i], 1);
      |                                              ~~~^~~
      |                                                 |
      |                                                 char
../Core/Src/main.c:111:11: warning: incompatible implicit declaration of built-in function 'sprintf' [-Wbuiltin-declaration-mismatch]
  111 |           sprintf(MSG, "Ticks = %d \n\r", counterTicks);
      |           ^~~~~~~
../Core/Src/main.c:111:11: note: include '<stdio.h>' or provide a declaration of 'sprintf'
../Core/Src/main.c:111:19: warning: pointer targets in passing argument 1 of 'sprintf' differ in signedness [-Wpointer-sign]
  111 |           sprintf(MSG, "Ticks = %d \n\r", counterTicks);
      |                   ^~~
      |                   |
      |                   uint8_t * {aka unsigned char *}
In file included from ../Core/Inc/stm32l4xx_hal_conf.h:450,
                 from ../Drivers/STM32L4xx_HAL_Driver/Inc/stm32l4xx_hal.h:29,
                 from ../Core/Inc/uart_driver.h:11,
                 from ../Core/Src/uart_driver.c:9:
../Drivers/STM32L4xx_HAL_Driver/Inc/stm32l4xx_hal_uart.h:1696:79: note: expected 'const uint8_t *' {aka 'const unsigned char *'} but argument is of type 'char'
 1696 | HAL_StatusTypeDef HAL_UART_Transmit(UART_HandleTypeDef *huart, const uint8_t *pData, uint16_t Size, uint32_t Timeout);
      |                                                                ~~~~~~~~~~~~~~~^~~~~
../Core/Src/main.c:111:19: note: expected 'char *' but argument is of type 'uint8_t *' {aka 'unsigned char *'}
../Core/Src/uart_driver.c:17:17: error: too few arguments to function 'HAL_UART_Transmit'
   17 |                 HAL_UART_Transmit(&hlpuart1, msg[i], 1);
      |                 ^~~~~~~~~~~~~~~~~
../Drivers/STM32L4xx_HAL_Driver/Inc/stm32l4xx_hal_uart.h:1696:19: note: declared here
 1696 | HAL_StatusTypeDef HAL_UART_Transmit(UART_HandleTypeDef *huart, const uint8_t *pData, uint16_t Size, uint32_t Timeout);
      |                   ^~~~~~~~~~~~~~~~~
make: *** [Core/Src/subdir.mk:37: Core/Src/uart_driver.o] Error 1
make: *** Waiting for unfinished jobs....
../Core/Src/main.c:112:11: warning: implicit declaration of function 'transmit_UART_MSG' [-Wimplicit-function-declaration]
  112 |           transmit_UART_MSG(MSG, sizeof(MSG));
      |           ^~~~~~~~~~~~~~~~~
../Core/Src/main.c: At top level:
../Core/Src/main.c:324:13: warning: 'TIM1_IRQHandler' defined but not used [-Wunused-function]
  324 | static void TIM1_IRQHandler(TIM_HandleTypeDef *htim)
      |             ^~~~~~~~~~~~~~~
"make -j16 all" terminated with exit code 2. Build might be incomplete.
22:47:51 **** Incremental Build of configuration Debug for project TIMER ****
make -j16 all 
arm-none-eabi-gcc "../Core/Src/uart_driver.c" -mcpu=cortex-m4 -std=gnu11 -g3 -DDEBUG -DUSE_HAL_DRIVER -DSTM32L4R5xx -c -I../Core/Inc -I../Drivers/STM32L4xx_HAL_Driver/Inc -I../Drivers/STM32L4xx_HAL_Driver/Inc/Legacy -I../Drivers/CMSIS/Device/ST/STM32L4xx/Include -I../Drivers/CMSIS/Include -O0 -ffunction-sections -fdata-sections -Wall -fstack-usage -fcyclomatic-complexity -MMD -MP -MF"Core/Src/uart_driver.d" -MT"Core/Src/uart_driver.o" --specs=nano.specs -mfpu=fpv4-sp-d16 -mfloat-abi=hard -mthumb -o "Core/Src/uart_driver.o"
../Core/Src/uart_driver.c: In function 'transmit_UART_MSG':
../Core/Src/uart_driver.c:17:49: warning: passing argument 2 of 'HAL_UART_Transmit' makes pointer from integer without a cast [-Wint-conversion]
   17 |                 HAL_UART_Transmit(&hlpuart1, msg[i], 1, UART_TIMEOUT);
      |                                              ~~~^~~
      |                                                 |
      |                                                 char
In file included from ../Core/Inc/stm32l4xx_hal_conf.h:450,
                 from ../Drivers/STM32L4xx_HAL_Driver/Inc/stm32l4xx_hal.h:29,
                 from ../Core/Inc/uart_driver.h:11,
                 from ../Core/Src/uart_driver.c:9:
../Drivers/STM32L4xx_HAL_Driver/Inc/stm32l4xx_hal_uart.h:1696:79: note: expected 'const uint8_t *' {aka 'const unsigned char *'} but argument is of type 'char'
 1696 | HAL_StatusTypeDef HAL_UART_Transmit(UART_HandleTypeDef *huart, const uint8_t *pData, uint16_t Size, uint32_t Timeout);
      |                                                                ~~~~~~~~~~~~~~~^~~~~
arm-none-eabi-g++ -o "TIMER.elf" @"objects.list"   -mcpu=cortex-m4 -T"C:\Users\musa\Desktop\STM_Projects\TIMER\STM32L4R5ZITXP_FLASH.ld" --specs=nosys.specs -Wl,-Map="TIMER.map" -Wl,--gc-sections -static --specs=nano.specs -mfpu=fpv4-sp-d16 -mfloat-abi=hard -mthumb -Wl,--start-group -lc -lm -lstdc++ -lsupc++ -Wl,--end-group
Finished building target: TIMER.elf
 
arm-none-eabi-size  TIMER.elf 
arm-none-eabi-objdump -h -S TIMER.elf  > "TIMER.list"
   text	   data	    bss	    dec	    hex	filename
  22480	     96	   2128	  24704	   6080	TIMER.elf
Finished building: default.size.stdout
 
Finished building: TIMER.list
 
23:04:34 **** Incremental Build of configuration Debug for project TIMER ****
make -j16 all 
arm-none-eabi-gcc "../Core/Src/main.c" -mcpu=cortex-m4 -std=gnu11 -g3 -DDEBUG -DUSE_HAL_DRIVER -DSTM32L4R5xx -c -I../Core/Inc -I../Drivers/STM32L4xx_HAL_Driver/Inc -I../Drivers/STM32L4xx_HAL_Driver/Inc/Legacy -I../Drivers/CMSIS/Device/ST/STM32L4xx/Include -I../Drivers/CMSIS/Include -O0 -ffunction-sections -fdata-sections -Wall -fstack-usage -fcyclomatic-complexity -MMD -MP -MF"Core/Src/main.d" -MT"Core/Src/main.o" --specs=nano.specs -mfpu=fpv4-sp-d16 -mfloat-abi=hard -mthumb -o "Core/Src/main.o"
../Core/Src/main.c: In function 'main':
../Core/Src/main.c:111:11: warning: implicit declaration of function 'sprintf' [-Wimplicit-function-declaration]
  111 |           sprintf(MSG, "Ticks = %d \n\r", counterTicks);
      |           ^~~~~~~
../Core/Src/main.c:21:1: note: include '<stdio.h>' or provide a declaration of 'sprintf'
   20 | #include "main.h"
  +++ |+#include <stdio.h>
   21 | 
../Core/Src/main.c:111:11: warning: incompatible implicit declaration of built-in function 'sprintf' [-Wbuiltin-declaration-mismatch]
  111 |           sprintf(MSG, "Ticks = %d \n\r", counterTicks);
      |           ^~~~~~~
../Core/Src/main.c:111:11: note: include '<stdio.h>' or provide a declaration of 'sprintf'
../Core/Src/main.c:111:19: warning: pointer targets in passing argument 1 of 'sprintf' differ in signedness [-Wpointer-sign]
  111 |           sprintf(MSG, "Ticks = %d \n\r", counterTicks);
      |                   ^~~
      |                   |
      |                   uint8_t * {aka unsigned char *}
../Core/Src/main.c:111:19: note: expected 'char *' but argument is of type 'uint8_t *' {aka 'unsigned char *'}
../Core/Src/main.c:112:11: warning: implicit declaration of function 'transmit_UART_MSG' [-Wimplicit-function-declaration]
  112 |           transmit_UART_MSG(MSG, sizeof(MSG));
      |           ^~~~~~~~~~~~~~~~~
../Core/Src/main.c: At top level:
../Core/Src/main.c:324:13: warning: 'TIM1_IRQHandler' defined but not used [-Wunused-function]
  324 | static void TIM1_IRQHandler(TIM_HandleTypeDef *htim)
      |             ^~~~~~~~~~~~~~~
arm-none-eabi-g++ -o "TIMER.elf" @"objects.list"   -mcpu=cortex-m4 -T"C:\Users\musa\Desktop\STM_Projects\TIMER\STM32L4R5ZITXP_FLASH.ld" --specs=nosys.specs -Wl,-Map="TIMER.map" -Wl,--gc-sections -static --specs=nano.specs -mfpu=fpv4-sp-d16 -mfloat-abi=hard -mthumb -Wl,--start-group -lc -lm -lstdc++ -lsupc++ -Wl,--end-group
Finished building target: TIMER.elf
 
arm-none-eabi-size  TIMER.elf 
arm-none-eabi-objdump -h -S TIMER.elf  > "TIMER.list"
   text	   data	    bss	    dec	    hex	filename
  22480	     96	   2128	  24704	   6080	TIMER.elf
Finished building: default.size.stdout
 
Finished building: TIMER.list
 
23:05:08 **** Incremental Build of configuration Debug for project TIMER ****
make -j16 all 
arm-none-eabi-gcc "../Core/Src/main.c" -mcpu=cortex-m4 -std=gnu11 -g3 -DDEBUG -DUSE_HAL_DRIVER -DSTM32L4R5xx -c -I../Core/Inc -I../Drivers/STM32L4xx_HAL_Driver/Inc -I../Drivers/STM32L4xx_HAL_Driver/Inc/Legacy -I../Drivers/CMSIS/Device/ST/STM32L4xx/Include -I../Drivers/CMSIS/Include -O0 -ffunction-sections -fdata-sections -Wall -fstack-usage -fcyclomatic-complexity -MMD -MP -MF"Core/Src/main.d" -MT"Core/Src/main.o" --specs=nano.specs -mfpu=fpv4-sp-d16 -mfloat-abi=hard -mthumb -o "Core/Src/main.o"
../Core/Src/main.c: In function 'main':
../Core/Src/main.c:111:11: warning: implicit declaration of function 'sprintf' [-Wimplicit-function-declaration]
  111 |           sprintf(MSG, "Ticks = %d \n\r", counterTicks);
      |           ^~~~~~~
../Core/Src/main.c:25:1: note: include '<stdio.h>' or provide a declaration of 'sprintf'
   24 | #include "uart_driver.h"
  +++ |+#include <stdio.h>
   25 | /* USER CODE END Includes */
../Core/Src/main.c:111:11: warning: incompatible implicit declaration of built-in function 'sprintf' [-Wbuiltin-declaration-mismatch]
  111 |           sprintf(MSG, "Ticks = %d \n\r", counterTicks);
      |           ^~~~~~~
../Core/Src/main.c:111:11: note: include '<stdio.h>' or provide a declaration of 'sprintf'
../Core/Src/main.c:111:19: warning: pointer targets in passing argument 1 of 'sprintf' differ in signedness [-Wpointer-sign]
  111 |           sprintf(MSG, "Ticks = %d \n\r", counterTicks);
      |                   ^~~
      |                   |
      |                   uint8_t * {aka unsigned char *}
../Core/Src/main.c:111:19: note: expected 'char *' but argument is of type 'uint8_t *' {aka 'unsigned char *'}
../Core/Src/main.c:112:29: warning: pointer targets in passing argument 1 of 'transmit_UART_MSG' differ in signedness [-Wpointer-sign]
  112 |           transmit_UART_MSG(MSG, sizeof(MSG));
      |                             ^~~
      |                             |
      |                             uint8_t * {aka unsigned char *}
In file included from ../Core/Src/main.c:24:
../Core/Inc/uart_driver.h:14:37: note: expected 'const char *' but argument is of type 'uint8_t *' {aka 'unsigned char *'}
   14 | void transmit_UART_MSG(const char * msg, size_t size_msg);
      |                        ~~~~~~~~~~~~~^~~
../Core/Src/main.c: At top level:
../Core/Src/main.c:324:13: warning: 'TIM1_IRQHandler' defined but not used [-Wunused-function]
  324 | static void TIM1_IRQHandler(TIM_HandleTypeDef *htim)
      |             ^~~~~~~~~~~~~~~
arm-none-eabi-g++ -o "TIMER.elf" @"objects.list"   -mcpu=cortex-m4 -T"C:\Users\musa\Desktop\STM_Projects\TIMER\STM32L4R5ZITXP_FLASH.ld" --specs=nosys.specs -Wl,-Map="TIMER.map" -Wl,--gc-sections -static --specs=nano.specs -mfpu=fpv4-sp-d16 -mfloat-abi=hard -mthumb -Wl,--start-group -lc -lm -lstdc++ -lsupc++ -Wl,--end-group
C:/ST/STM32CubeIDE_1.15.0/STM32CubeIDE/plugins/com.st.stm32cube.ide.mcu.externaltools.gnu-tools-for-stm32.12.3.rel1.win32_1.0.100.202403111256/tools/bin/../lib/gcc/arm-none-eabi/12.3.1/../../../../arm-none-eabi/bin/ld.exe: ./Core/Src/uart_driver.o:C:/Users/musa/Desktop/STM_Projects/TIMER/Debug/../Core/Inc/uart_driver.h:13: multiple definition of `UART_TIMEOUT'; ./Core/Src/main.o:C:/Users/musa/Desktop/STM_Projects/TIMER/Debug/../Core/Inc/uart_driver.h:13: first defined here
collect2.exe: error: ld returned 1 exit status
make: *** [makefile:88: TIMER.elf] Error 1
"make -j16 all" terminated with exit code 2. Build might be incomplete.
23:05:58 **** Incremental Build of configuration Debug for project TIMER ****
make -j16 all 
arm-none-eabi-gcc "../Core/Src/main.c" -mcpu=cortex-m4 -std=gnu11 -g3 -DDEBUG -DUSE_HAL_DRIVER -DSTM32L4R5xx -c -I../Core/Inc -I../Drivers/STM32L4xx_HAL_Driver/Inc -I../Drivers/STM32L4xx_HAL_Driver/Inc/Legacy -I../Drivers/CMSIS/Device/ST/STM32L4xx/Include -I../Drivers/CMSIS/Include -O0 -ffunction-sections -fdata-sections -Wall -fstack-usage -fcyclomatic-complexity -MMD -MP -MF"Core/Src/main.d" -MT"Core/Src/main.o" --specs=nano.specs -mfpu=fpv4-sp-d16 -mfloat-abi=hard -mthumb -o "Core/Src/main.o"
arm-none-eabi-gcc "../Core/Src/uart_driver.c" -mcpu=cortex-m4 -std=gnu11 -g3 -DDEBUG -DUSE_HAL_DRIVER -DSTM32L4R5xx -c -I../Core/Inc -I../Drivers/STM32L4xx_HAL_Driver/Inc -I../Drivers/STM32L4xx_HAL_Driver/Inc/Legacy -I../Drivers/CMSIS/Device/ST/STM32L4xx/Include -I../Drivers/CMSIS/Include -O0 -ffunction-sections -fdata-sections -Wall -fstack-usage -fcyclomatic-complexity -MMD -MP -MF"Core/Src/uart_driver.d" -MT"Core/Src/uart_driver.o" --specs=nano.specs -mfpu=fpv4-sp-d16 -mfloat-abi=hard -mthumb -o "Core/Src/uart_driver.o"
../Core/Src/main.c: In function 'main':
../Core/Src/main.c:111:11: warning: implicit declaration of function 'sprintf' [-Wimplicit-function-declaration]
  111 |           sprintf(MSG, "Ticks = %d \n\r", counterTicks);
      |           ^~~~~~~
../Core/Src/main.c:25:1: note: include '<stdio.h>' or provide a declaration of 'sprintf'
   24 | #include "uart_driver.h"
  +++ |+#include <stdio.h>
   25 | /* USER CODE END Includes */
../Core/Src/main.c:111:11: warning: incompatible implicit declaration of built-in function 'sprintf' [-Wbuiltin-declaration-mismatch]
  111 |           sprintf(MSG, "Ticks = %d \n\r", counterTicks);
      |           ^~~~~~~
../Core/Src/main.c:111:11: note: include '<stdio.h>' or provide a declaration of 'sprintf'
../Core/Src/main.c:111:19: warning: pointer targets in passing argument 1 of 'sprintf' differ in signedness [-Wpointer-sign]
  111 |           sprintf(MSG, "Ticks = %d \n\r", counterTicks);
      |                   ^~~
      |                   |
      |                   uint8_t * {aka unsigned char *}
../Core/Src/main.c:111:19: note: expected 'char *' but argument is of type 'uint8_t *' {aka 'unsigned char *'}
../Core/Src/main.c:112:29: warning: pointer targets in passing argument 1 of 'transmit_UART_MSG' differ in signedness [-Wpointer-sign]
  112 |           transmit_UART_MSG(MSG, sizeof(MSG));
      |                             ^~~
      |                             |
      |                             uint8_t * {aka unsigned char *}
../Core/Src/uart_driver.c: In function 'transmit_UART_MSG':
In file included from ../Core/Src/main.c:24:
../Core/Inc/uart_driver.h:14:37: note: expected 'const char *' but argument is of type 'uint8_t *' {aka 'unsigned char *'}
   14 | void transmit_UART_MSG(const char * msg, size_t size_msg);
      |                        ~~~~~~~~~~~~~^~~
../Core/Src/uart_driver.c:17:49: warning: passing argument 2 of 'HAL_UART_Transmit' makes pointer from integer without a cast [-Wint-conversion]
   17 |                 HAL_UART_Transmit(&hlpuart1, msg[i], 1, UART_TIMEOUT);
      |                                              ~~~^~~
      |                                                 |
      |                                                 char
In file included from ../Core/Inc/stm32l4xx_hal_conf.h:450,
                 from ../Drivers/STM32L4xx_HAL_Driver/Inc/stm32l4xx_hal.h:29,
                 from ../Core/Inc/uart_driver.h:11,
                 from ../Core/Src/uart_driver.c:9:
../Drivers/STM32L4xx_HAL_Driver/Inc/stm32l4xx_hal_uart.h:1696:79: note: expected 'const uint8_t *' {aka 'const unsigned char *'} but argument is of type 'char'
 1696 | HAL_StatusTypeDef HAL_UART_Transmit(UART_HandleTypeDef *huart, const uint8_t *pData, uint16_t Size, uint32_t Timeout);
      |                                                                ~~~~~~~~~~~~~~~^~~~~
../Core/Src/main.c: At top level:
../Core/Src/main.c:324:13: warning: 'TIM1_IRQHandler' defined but not used [-Wunused-function]
  324 | static void TIM1_IRQHandler(TIM_HandleTypeDef *htim)
      |             ^~~~~~~~~~~~~~~
arm-none-eabi-g++ -o "TIMER.elf" @"objects.list"   -mcpu=cortex-m4 -T"C:\Users\musa\Desktop\STM_Projects\TIMER\STM32L4R5ZITXP_FLASH.ld" --specs=nosys.specs -Wl,-Map="TIMER.map" -Wl,--gc-sections -static --specs=nano.specs -mfpu=fpv4-sp-d16 -mfloat-abi=hard -mthumb -Wl,--start-group -lc -lm -lstdc++ -lsupc++ -Wl,--end-group
Finished building target: TIMER.elf
 
arm-none-eabi-size  TIMER.elf 
arm-none-eabi-objdump -h -S TIMER.elf  > "TIMER.list"
   text	   data	    bss	    dec	    hex	filename
  22480	     96	   2128	  24704	   6080	TIMER.elf
Finished building: default.size.stdout
 
Finished building: TIMER.list
 
23:07:54 **** Incremental Build of configuration Debug for project TIMER ****
make -j16 all 
arm-none-eabi-gcc "../Core/Src/main.c" -mcpu=cortex-m4 -std=gnu11 -g3 -DDEBUG -DUSE_HAL_DRIVER -DSTM32L4R5xx -c -I../Core/Inc -I../Drivers/STM32L4xx_HAL_Driver/Inc -I../Drivers/STM32L4xx_HAL_Driver/Inc/Legacy -I../Drivers/CMSIS/Device/ST/STM32L4xx/Include -I../Drivers/CMSIS/Include -O0 -ffunction-sections -fdata-sections -Wall -fstack-usage -fcyclomatic-complexity -MMD -MP -MF"Core/Src/main.d" -MT"Core/Src/main.o" --specs=nano.specs -mfpu=fpv4-sp-d16 -mfloat-abi=hard -mthumb -o "Core/Src/main.o"
../Core/Src/main.c: In function 'main':
../Core/Src/main.c:111:11: warning: implicit declaration of function 'sprintf' [-Wimplicit-function-declaration]
  111 |           sprintf(MSG, "Ticks = %d \n\r", counterTicks);
      |           ^~~~~~~
../Core/Src/main.c:25:1: note: include '<stdio.h>' or provide a declaration of 'sprintf'
   24 | #include "uart_driver.h"
  +++ |+#include <stdio.h>
   25 | /* USER CODE END Includes */
../Core/Src/main.c:111:11: warning: incompatible implicit declaration of built-in function 'sprintf' [-Wbuiltin-declaration-mismatch]
  111 |           sprintf(MSG, "Ticks = %d \n\r", counterTicks);
      |           ^~~~~~~
../Core/Src/main.c:111:11: note: include '<stdio.h>' or provide a declaration of 'sprintf'
../Core/Src/main.c:111:19: warning: pointer targets in passing argument 1 of 'sprintf' differ in signedness [-Wpointer-sign]
  111 |           sprintf(MSG, "Ticks = %d \n\r", counterTicks);
      |                   ^~~
      |                   |
      |                   uint8_t * {aka unsigned char *}
../Core/Src/main.c:111:19: note: expected 'char *' but argument is of type 'uint8_t *' {aka 'unsigned char *'}
../Core/Src/main.c:112:29: warning: pointer targets in passing argument 1 of 'transmit_UART_MSG' differ in signedness [-Wpointer-sign]
  112 |           transmit_UART_MSG(MSG, sizeof(MSG));
      |                             ^~~
      |                             |
      |                             uint8_t * {aka unsigned char *}
In file included from ../Core/Src/main.c:24:
../Core/Inc/uart_driver.h:14:37: note: expected 'const char *' but argument is of type 'uint8_t *' {aka 'unsigned char *'}
   14 | void transmit_UART_MSG(const char * msg, size_t size_msg);
      |                        ~~~~~~~~~~~~~^~~
../Core/Src/main.c: At top level:
../Core/Src/main.c:325:13: warning: 'TIM1_IRQHandler' defined but not used [-Wunused-function]
  325 | static void TIM1_IRQHandler(TIM_HandleTypeDef *htim)
      |             ^~~~~~~~~~~~~~~
arm-none-eabi-g++ -o "TIMER.elf" @"objects.list"   -mcpu=cortex-m4 -T"C:\Users\musa\Desktop\STM_Projects\TIMER\STM32L4R5ZITXP_FLASH.ld" --specs=nosys.specs -Wl,-Map="TIMER.map" -Wl,--gc-sections -static --specs=nano.specs -mfpu=fpv4-sp-d16 -mfloat-abi=hard -mthumb -Wl,--start-group -lc -lm -lstdc++ -lsupc++ -Wl,--end-group
Finished building target: TIMER.elf
 
arm-none-eabi-size  TIMER.elf 
arm-none-eabi-objdump -h -S TIMER.elf  > "TIMER.list"
   text	   data	    bss	    dec	    hex	filename
  22496	     96	   2128	  24720	   6090	TIMER.elf
Finished building: default.size.stdout
 
Finished building: TIMER.list
 
23:09:01 **** Incremental Build of configuration Debug for project TIMER ****
make -j16 all 
arm-none-eabi-gcc "../Core/Src/main.c" -mcpu=cortex-m4 -std=gnu11 -g3 -DDEBUG -DUSE_HAL_DRIVER -DSTM32L4R5xx -c -I../Core/Inc -I../Drivers/STM32L4xx_HAL_Driver/Inc -I../Drivers/STM32L4xx_HAL_Driver/Inc/Legacy -I../Drivers/CMSIS/Device/ST/STM32L4xx/Include -I../Drivers/CMSIS/Include -O0 -ffunction-sections -fdata-sections -Wall -fstack-usage -fcyclomatic-complexity -MMD -MP -MF"Core/Src/main.d" -MT"Core/Src/main.o" --specs=nano.specs -mfpu=fpv4-sp-d16 -mfloat-abi=hard -mthumb -o "Core/Src/main.o"
../Core/Src/main.c: In function 'main':
../Core/Src/main.c:111:11: warning: implicit declaration of function 'sprintf' [-Wimplicit-function-declaration]
  111 |           sprintf(MSG, "Ticks = %d \n\r", counterTicks);
      |           ^~~~~~~
../Core/Src/main.c:25:1: note: include '<stdio.h>' or provide a declaration of 'sprintf'
   24 | #include "uart_driver.h"
  +++ |+#include <stdio.h>
   25 | /* USER CODE END Includes */
../Core/Src/main.c:111:11: warning: incompatible implicit declaration of built-in function 'sprintf' [-Wbuiltin-declaration-mismatch]
  111 |           sprintf(MSG, "Ticks = %d \n\r", counterTicks);
      |           ^~~~~~~
../Core/Src/main.c:111:11: note: include '<stdio.h>' or provide a declaration of 'sprintf'
../Core/Src/main.c:111:19: warning: pointer targets in passing argument 1 of 'sprintf' differ in signedness [-Wpointer-sign]
  111 |           sprintf(MSG, "Ticks = %d \n\r", counterTicks);
      |                   ^~~
      |                   |
      |                   uint8_t * {aka unsigned char *}
../Core/Src/main.c:111:19: note: expected 'char *' but argument is of type 'uint8_t *' {aka 'unsigned char *'}
../Core/Src/main.c:112:29: warning: pointer targets in passing argument 1 of 'transmit_UART_MSG' differ in signedness [-Wpointer-sign]
  112 |           transmit_UART_MSG(MSG, sizeof(MSG));
      |                             ^~~
      |                             |
      |                             uint8_t * {aka unsigned char *}
In file included from ../Core/Src/main.c:24:
../Core/Inc/uart_driver.h:14:37: note: expected 'const char *' but argument is of type 'uint8_t *' {aka 'unsigned char *'}
   14 | void transmit_UART_MSG(const char * msg, size_t size_msg);
      |                        ~~~~~~~~~~~~~^~~
../Core/Src/main.c:114:40: warning: pointer targets in passing argument 2 of 'HAL_UART_Transmit' differ in signedness [-Wpointer-sign]
  114 |           HAL_UART_Transmit(&hlpuart1, "TEST \n", 10, 100)
      |                                        ^~~~~~~~~
      |                                        |
      |                                        char *
In file included from ../Core/Inc/stm32l4xx_hal_conf.h:450,
                 from ../Drivers/STM32L4xx_HAL_Driver/Inc/stm32l4xx_hal.h:29,
                 from ../Core/Inc/main.h:30,
                 from ../Core/Src/main.c:20:
../Drivers/STM32L4xx_HAL_Driver/Inc/stm32l4xx_hal_uart.h:1696:79: note: expected 'const uint8_t *' {aka 'const unsigned char *'} but argument is of type 'char *'
 1696 | HAL_StatusTypeDef HAL_UART_Transmit(UART_HandleTypeDef *huart, const uint8_t *pData, uint16_t Size, uint32_t Timeout);
      |                                                                ~~~~~~~~~~~~~~~^~~~~
../Core/Src/main.c:114:59: error: expected ';' before 'HAL_Delay'
  114 |           HAL_UART_Transmit(&hlpuart1, "TEST \n", 10, 100)
      |                                                           ^
      |                                                           ;
  115 |           HAL_Delay(100);
      |           ~~~~~~~~~                                        
../Core/Src/main.c: At top level:
../Core/Src/main.c:326:13: warning: 'TIM1_IRQHandler' defined but not used [-Wunused-function]
  326 | static void TIM1_IRQHandler(TIM_HandleTypeDef *htim)
      |             ^~~~~~~~~~~~~~~
make: *** [Core/Src/subdir.mk:37: Core/Src/main.o] Error 1
"make -j16 all" terminated with exit code 2. Build might be incomplete.
23:09:13 **** Incremental Build of configuration Debug for project TIMER ****
make -j16 all 
arm-none-eabi-gcc "../Core/Src/main.c" -mcpu=cortex-m4 -std=gnu11 -g3 -DDEBUG -DUSE_HAL_DRIVER -DSTM32L4R5xx -c -I../Core/Inc -I../Drivers/STM32L4xx_HAL_Driver/Inc -I../Drivers/STM32L4xx_HAL_Driver/Inc/Legacy -I../Drivers/CMSIS/Device/ST/STM32L4xx/Include -I../Drivers/CMSIS/Include -O0 -ffunction-sections -fdata-sections -Wall -fstack-usage -fcyclomatic-complexity -MMD -MP -MF"Core/Src/main.d" -MT"Core/Src/main.o" --specs=nano.specs -mfpu=fpv4-sp-d16 -mfloat-abi=hard -mthumb -o "Core/Src/main.o"
../Core/Src/main.c: In function 'main':
../Core/Src/main.c:111:11: warning: implicit declaration of function 'sprintf' [-Wimplicit-function-declaration]
  111 |           sprintf(MSG, "Ticks = %d \n\r", counterTicks);
      |           ^~~~~~~
../Core/Src/main.c:25:1: note: include '<stdio.h>' or provide a declaration of 'sprintf'
   24 | #include "uart_driver.h"
  +++ |+#include <stdio.h>
   25 | /* USER CODE END Includes */
../Core/Src/main.c:111:11: warning: incompatible implicit declaration of built-in function 'sprintf' [-Wbuiltin-declaration-mismatch]
  111 |           sprintf(MSG, "Ticks = %d \n\r", counterTicks);
      |           ^~~~~~~
../Core/Src/main.c:111:11: note: include '<stdio.h>' or provide a declaration of 'sprintf'
../Core/Src/main.c:111:19: warning: pointer targets in passing argument 1 of 'sprintf' differ in signedness [-Wpointer-sign]
  111 |           sprintf(MSG, "Ticks = %d \n\r", counterTicks);
      |                   ^~~
      |                   |
      |                   uint8_t * {aka unsigned char *}
../Core/Src/main.c:111:19: note: expected 'char *' but argument is of type 'uint8_t *' {aka 'unsigned char *'}
../Core/Src/main.c:112:29: warning: pointer targets in passing argument 1 of 'transmit_UART_MSG' differ in signedness [-Wpointer-sign]
  112 |           transmit_UART_MSG(MSG, sizeof(MSG));
      |                             ^~~
      |                             |
      |                             uint8_t * {aka unsigned char *}
In file included from ../Core/Src/main.c:24:
../Core/Inc/uart_driver.h:14:37: note: expected 'const char *' but argument is of type 'uint8_t *' {aka 'unsigned char *'}
   14 | void transmit_UART_MSG(const char * msg, size_t size_msg);
      |                        ~~~~~~~~~~~~~^~~
../Core/Src/main.c:114:40: warning: pointer targets in passing argument 2 of 'HAL_UART_Transmit' differ in signedness [-Wpointer-sign]
  114 |           HAL_UART_Transmit(&hlpuart1, "TEST \n", 10, 100);
      |                                        ^~~~~~~~~
      |                                        |
      |                                        char *
In file included from ../Core/Inc/stm32l4xx_hal_conf.h:450,
                 from ../Drivers/STM32L4xx_HAL_Driver/Inc/stm32l4xx_hal.h:29,
                 from ../Core/Inc/main.h:30,
                 from ../Core/Src/main.c:20:
../Drivers/STM32L4xx_HAL_Driver/Inc/stm32l4xx_hal_uart.h:1696:79: note: expected 'const uint8_t *' {aka 'const unsigned char *'} but argument is of type 'char *'
 1696 | HAL_StatusTypeDef HAL_UART_Transmit(UART_HandleTypeDef *huart, const uint8_t *pData, uint16_t Size, uint32_t Timeout);
      |                                                                ~~~~~~~~~~~~~~~^~~~~
../Core/Src/main.c: At top level:
../Core/Src/main.c:326:13: warning: 'TIM1_IRQHandler' defined but not used [-Wunused-function]
  326 | static void TIM1_IRQHandler(TIM_HandleTypeDef *htim)
      |             ^~~~~~~~~~~~~~~
arm-none-eabi-g++ -o "TIMER.elf" @"objects.list"   -mcpu=cortex-m4 -T"C:\Users\musa\Desktop\STM_Projects\TIMER\STM32L4R5ZITXP_FLASH.ld" --specs=nosys.specs -Wl,-Map="TIMER.map" -Wl,--gc-sections -static --specs=nano.specs -mfpu=fpv4-sp-d16 -mfloat-abi=hard -mthumb -Wl,--start-group -lc -lm -lstdc++ -lsupc++ -Wl,--end-group
Finished building target: TIMER.elf
 
arm-none-eabi-size  TIMER.elf 
arm-none-eabi-objdump -h -S TIMER.elf  > "TIMER.list"
   text	   data	    bss	    dec	    hex	filename
  22520	     96	   2128	  24744	   60a8	TIMER.elf
Finished building: default.size.stdout
 
Finished building: TIMER.list
 
23:09:54 **** Incremental Build of configuration Debug for project TIMER ****
make -j16 all 
arm-none-eabi-gcc "../Core/Src/main.c" -mcpu=cortex-m4 -std=gnu11 -g3 -DDEBUG -DUSE_HAL_DRIVER -DSTM32L4R5xx -c -I../Core/Inc -I../Drivers/STM32L4xx_HAL_Driver/Inc -I../Drivers/STM32L4xx_HAL_Driver/Inc/Legacy -I../Drivers/CMSIS/Device/ST/STM32L4xx/Include -I../Drivers/CMSIS/Include -O0 -ffunction-sections -fdata-sections -Wall -fstack-usage -fcyclomatic-complexity -MMD -MP -MF"Core/Src/main.d" -MT"Core/Src/main.o" --specs=nano.specs -mfpu=fpv4-sp-d16 -mfloat-abi=hard -mthumb -o "Core/Src/main.o"
../Core/Src/main.c: In function 'main':
../Core/Src/main.c:114:40: warning: pointer targets in passing argument 2 of 'HAL_UART_Transmit' differ in signedness [-Wpointer-sign]
  114 |           HAL_UART_Transmit(&hlpuart1, "TEST \n", 10, 100);
      |                                        ^~~~~~~~~
      |                                        |
      |                                        char *
In file included from ../Core/Inc/stm32l4xx_hal_conf.h:450,
                 from ../Drivers/STM32L4xx_HAL_Driver/Inc/stm32l4xx_hal.h:29,
                 from ../Core/Inc/main.h:30,
                 from ../Core/Src/main.c:20:
../Drivers/STM32L4xx_HAL_Driver/Inc/stm32l4xx_hal_uart.h:1696:79: note: expected 'const uint8_t *' {aka 'const unsigned char *'} but argument is of type 'char *'
 1696 | HAL_StatusTypeDef HAL_UART_Transmit(UART_HandleTypeDef *huart, const uint8_t *pData, uint16_t Size, uint32_t Timeout);
      |                                                                ~~~~~~~~~~~~~~~^~~~~
../Core/Src/main.c:107:11: warning: unused variable 'MSG' [-Wunused-variable]
  107 |   uint8_t MSG[30] = {'\0'};
      |           ^~~
../Core/Src/main.c:106:12: warning: unused variable 'counterTicks' [-Wunused-variable]
  106 |   uint16_t counterTicks = 0;
      |            ^~~~~~~~~~~~
../Core/Src/main.c: At top level:
../Core/Src/main.c:326:13: warning: 'TIM1_IRQHandler' defined but not used [-Wunused-function]
  326 | static void TIM1_IRQHandler(TIM_HandleTypeDef *htim)
      |             ^~~~~~~~~~~~~~~
arm-none-eabi-g++ -o "TIMER.elf" @"objects.list"   -mcpu=cortex-m4 -T"C:\Users\musa\Desktop\STM_Projects\TIMER\STM32L4R5ZITXP_FLASH.ld" --specs=nosys.specs -Wl,-Map="TIMER.map" -Wl,--gc-sections -static --specs=nano.specs -mfpu=fpv4-sp-d16 -mfloat-abi=hard -mthumb -Wl,--start-group -lc -lm -lstdc++ -lsupc++ -Wl,--end-group
Finished building target: TIMER.elf
 
arm-none-eabi-size  TIMER.elf 
arm-none-eabi-objdump -h -S TIMER.elf  > "TIMER.list"
   text	   data	    bss	    dec	    hex	filename
  19784	     12	   1796	  21592	   5458	TIMER.elf
Finished building: default.size.stdout
 
Finished building: TIMER.list
 
22:44:15 **** Incremental Build of configuration Debug for project TIMER ****
make -j16 all 
arm-none-eabi-size  TIMER.elf 
   text	   data	    bss	    dec	    hex	filename
  19784	     12	   1796	  21592	   5458	TIMER.elf
Finished building: default.size.stdout
 
22:48:28 **** Incremental Build of configuration Debug for project TIMER ****
make -j16 all 
arm-none-eabi-gcc "../Core/Src/main.c" -mcpu=cortex-m4 -std=gnu11 -g3 -DDEBUG -DUSE_HAL_DRIVER -DSTM32L4R5xx -c -I../Core/Inc -I../Drivers/STM32L4xx_HAL_Driver/Inc -I../Drivers/STM32L4xx_HAL_Driver/Inc/Legacy -I../Drivers/CMSIS/Device/ST/STM32L4xx/Include -I../Drivers/CMSIS/Include -O0 -ffunction-sections -fdata-sections -Wall -fstack-usage -fcyclomatic-complexity -MMD -MP -MF"Core/Src/main.d" -MT"Core/Src/main.o" --specs=nano.specs -mfpu=fpv4-sp-d16 -mfloat-abi=hard -mthumb -o "Core/Src/main.o"
../Core/Src/main.c: In function 'main':
../Core/Src/main.c:114:40: warning: pointer targets in passing argument 2 of 'HAL_UART_Transmit' differ in signedness [-Wpointer-sign]
  114 |           HAL_UART_Transmit(&hlpuart1, "TEST \n", 5, 100);
      |                                        ^~~~~~~~~
      |                                        |
      |                                        char *
In file included from ../Core/Inc/stm32l4xx_hal_conf.h:450,
                 from ../Drivers/STM32L4xx_HAL_Driver/Inc/stm32l4xx_hal.h:29,
                 from ../Core/Inc/main.h:30,
                 from ../Core/Src/main.c:20:
../Drivers/STM32L4xx_HAL_Driver/Inc/stm32l4xx_hal_uart.h:1696:79: note: expected 'const uint8_t *' {aka 'const unsigned char *'} but argument is of type 'char *'
 1696 | HAL_StatusTypeDef HAL_UART_Transmit(UART_HandleTypeDef *huart, const uint8_t *pData, uint16_t Size, uint32_t Timeout);
      |                                                                ~~~~~~~~~~~~~~~^~~~~
../Core/Src/main.c:107:11: warning: unused variable 'MSG' [-Wunused-variable]
  107 |   uint8_t MSG[30] = {'\0'};
      |           ^~~
../Core/Src/main.c:106:12: warning: unused variable 'counterTicks' [-Wunused-variable]
  106 |   uint16_t counterTicks = 0;
      |            ^~~~~~~~~~~~
../Core/Src/main.c: At top level:
../Core/Src/main.c:326:13: warning: 'TIM1_IRQHandler' defined but not used [-Wunused-function]
  326 | static void TIM1_IRQHandler(TIM_HandleTypeDef *htim)
      |             ^~~~~~~~~~~~~~~
arm-none-eabi-g++ -o "TIMER.elf" @"objects.list"   -mcpu=cortex-m4 -T"C:\Users\musa\Desktop\STM_Projects\TIMER\STM32L4R5ZITXP_FLASH.ld" --specs=nosys.specs -Wl,-Map="TIMER.map" -Wl,--gc-sections -static --specs=nano.specs -mfpu=fpv4-sp-d16 -mfloat-abi=hard -mthumb -Wl,--start-group -lc -lm -lstdc++ -lsupc++ -Wl,--end-group
Finished building target: TIMER.elf
 
arm-none-eabi-size  TIMER.elf 
arm-none-eabi-objdump -h -S TIMER.elf  > "TIMER.list"
   text	   data	    bss	    dec	    hex	filename
  19784	     12	   1796	  21592	   5458	TIMER.elf
Finished building: default.size.stdout
 
Finished building: TIMER.list
 
22:51:23 **** Incremental Build of configuration Debug for project TIMER ****
make -j16 all 
arm-none-eabi-gcc "../Core/Src/main.c" -mcpu=cortex-m4 -std=gnu11 -g3 -DDEBUG -DUSE_HAL_DRIVER -DSTM32L4R5xx -c -I../Core/Inc -I../Drivers/STM32L4xx_HAL_Driver/Inc -I../Drivers/STM32L4xx_HAL_Driver/Inc/Legacy -I../Drivers/CMSIS/Device/ST/STM32L4xx/Include -I../Drivers/CMSIS/Include -O0 -ffunction-sections -fdata-sections -Wall -fstack-usage -fcyclomatic-complexity -MMD -MP -MF"Core/Src/main.d" -MT"Core/Src/main.o" --specs=nano.specs -mfpu=fpv4-sp-d16 -mfloat-abi=hard -mthumb -o "Core/Src/main.o"
../Core/Src/main.c: In function 'main':
../Core/Src/main.c:114:40: warning: pointer targets in passing argument 2 of 'HAL_UART_Transmit' differ in signedness [-Wpointer-sign]
  114 |           HAL_UART_Transmit(&hlpuart1, "TEST \n", 6, 1000);
      |                                        ^~~~~~~~~
      |                                        |
      |                                        char *
In file included from ../Core/Inc/stm32l4xx_hal_conf.h:450,
                 from ../Drivers/STM32L4xx_HAL_Driver/Inc/stm32l4xx_hal.h:29,
                 from ../Core/Inc/main.h:30,
                 from ../Core/Src/main.c:20:
../Drivers/STM32L4xx_HAL_Driver/Inc/stm32l4xx_hal_uart.h:1696:79: note: expected 'const uint8_t *' {aka 'const unsigned char *'} but argument is of type 'char *'
 1696 | HAL_StatusTypeDef HAL_UART_Transmit(UART_HandleTypeDef *huart, const uint8_t *pData, uint16_t Size, uint32_t Timeout);
      |                                                                ~~~~~~~~~~~~~~~^~~~~
../Core/Src/main.c:107:11: warning: unused variable 'MSG' [-Wunused-variable]
  107 |   uint8_t MSG[30] = {'\0'};
      |           ^~~
../Core/Src/main.c:106:12: warning: unused variable 'counterTicks' [-Wunused-variable]
  106 |   uint16_t counterTicks = 0;
      |            ^~~~~~~~~~~~
../Core/Src/main.c: At top level:
../Core/Src/main.c:326:13: warning: 'TIM1_IRQHandler' defined but not used [-Wunused-function]
  326 | static void TIM1_IRQHandler(TIM_HandleTypeDef *htim)
      |             ^~~~~~~~~~~~~~~
arm-none-eabi-g++ -o "TIMER.elf" @"objects.list"   -mcpu=cortex-m4 -T"C:\Users\musa\Desktop\STM_Projects\TIMER\STM32L4R5ZITXP_FLASH.ld" --specs=nosys.specs -Wl,-Map="TIMER.map" -Wl,--gc-sections -static --specs=nano.specs -mfpu=fpv4-sp-d16 -mfloat-abi=hard -mthumb -Wl,--start-group -lc -lm -lstdc++ -lsupc++ -Wl,--end-group
Finished building target: TIMER.elf
 
arm-none-eabi-size  TIMER.elf 
arm-none-eabi-objdump -h -S TIMER.elf  > "TIMER.list"
   text	   data	    bss	    dec	    hex	filename
  19788	     12	   1796	  21596	   545c	TIMER.elf
Finished building: default.size.stdout
 
Finished building: TIMER.list
 
22:55:58 **** Incremental Build of configuration Debug for project TIMER ****
make -j16 all 
arm-none-eabi-gcc "../Core/Src/main.c" -mcpu=cortex-m4 -std=gnu11 -g3 -DDEBUG -DUSE_HAL_DRIVER -DSTM32L4R5xx -c -I../Core/Inc -I../Drivers/STM32L4xx_HAL_Driver/Inc -I../Drivers/STM32L4xx_HAL_Driver/Inc/Legacy -I../Drivers/CMSIS/Device/ST/STM32L4xx/Include -I../Drivers/CMSIS/Include -O0 -ffunction-sections -fdata-sections -Wall -fstack-usage -fcyclomatic-complexity -MMD -MP -MF"Core/Src/main.d" -MT"Core/Src/main.o" --specs=nano.specs -mfpu=fpv4-sp-d16 -mfloat-abi=hard -mthumb -o "Core/Src/main.o"
arm-none-eabi-gcc "../Core/Src/stm32l4xx_hal_msp.c" -mcpu=cortex-m4 -std=gnu11 -g3 -DDEBUG -DUSE_HAL_DRIVER -DSTM32L4R5xx -c -I../Core/Inc -I../Drivers/STM32L4xx_HAL_Driver/Inc -I../Drivers/STM32L4xx_HAL_Driver/Inc/Legacy -I../Drivers/CMSIS/Device/ST/STM32L4xx/Include -I../Drivers/CMSIS/Include -O0 -ffunction-sections -fdata-sections -Wall -fstack-usage -fcyclomatic-complexity -MMD -MP -MF"Core/Src/stm32l4xx_hal_msp.d" -MT"Core/Src/stm32l4xx_hal_msp.o" --specs=nano.specs -mfpu=fpv4-sp-d16 -mfloat-abi=hard -mthumb -o "Core/Src/stm32l4xx_hal_msp.o"
arm-none-eabi-gcc "../Core/Src/uart_driver.c" -mcpu=cortex-m4 -std=gnu11 -g3 -DDEBUG -DUSE_HAL_DRIVER -DSTM32L4R5xx -c -I../Core/Inc -I../Drivers/STM32L4xx_HAL_Driver/Inc -I../Drivers/STM32L4xx_HAL_Driver/Inc/Legacy -I../Drivers/CMSIS/Device/ST/STM32L4xx/Include -I../Drivers/CMSIS/Include -O0 -ffunction-sections -fdata-sections -Wall -fstack-usage -fcyclomatic-complexity -MMD -MP -MF"Core/Src/uart_driver.d" -MT"Core/Src/uart_driver.o" --specs=nano.specs -mfpu=fpv4-sp-d16 -mfloat-abi=hard -mthumb -o "Core/Src/uart_driver.o"
../Core/Src/main.c: In function 'main':
../Core/Src/main.c:117:38: warning: pointer targets in passing argument 2 of 'HAL_UART_Transmit' differ in signedness [-Wpointer-sign]
  117 |           HAL_UART_Transmit(&huart1, "TEST \n", 6, 1000);
      |                                      ^~~~~~~~~
      |                                      |
      |                                      char *
In file included from ../Core/Inc/stm32l4xx_hal_conf.h:450,
                 from ../Drivers/STM32L4xx_HAL_Driver/Inc/stm32l4xx_hal.h:29,
                 from ../Core/Inc/main.h:30,
                 from ../Core/Src/main.c:20:
../Drivers/STM32L4xx_HAL_Driver/Inc/stm32l4xx_hal_uart.h:1696:79: note: expected 'const uint8_t *' {aka 'const unsigned char *'} but argument is of type 'char *'
 1696 | HAL_StatusTypeDef HAL_UART_Transmit(UART_HandleTypeDef *huart, const uint8_t *pData, uint16_t Size, uint32_t Timeout);
      |                                                                ~~~~~~~~~~~~~~~^~~~~
../Core/Src/uart_driver.c: In function 'transmit_UART_MSG':
../Core/Src/main.c:110:11: warning: unused variable 'MSG' [-Wunused-variable]
  110 |   uint8_t MSG[30] = {'\0'};
      |           ^~~
../Core/Src/main.c:109:12: warning: unused variable 'counterTicks' [-Wunused-variable]
  109 |   uint16_t counterTicks = 0;
      |            ^~~~~~~~~~~~
../Core/Src/uart_driver.c:17:47: warning: passing argument 2 of 'HAL_UART_Transmit' makes pointer from integer without a cast [-Wint-conversion]
   17 |                 HAL_UART_Transmit(&huart1, msg[i], 1, UART_TIMEOUT);
      |                                            ~~~^~~
      |                                               |
      |                                               char
In file included from ../Core/Inc/stm32l4xx_hal_conf.h:450,
                 from ../Drivers/STM32L4xx_HAL_Driver/Inc/stm32l4xx_hal.h:29,
                 from ../Core/Inc/uart_driver.h:11,
                 from ../Core/Src/uart_driver.c:9:
../Drivers/STM32L4xx_HAL_Driver/Inc/stm32l4xx_hal_uart.h:1696:79: note: expected 'const uint8_t *' {aka 'const unsigned char *'} but argument is of type 'char'
 1696 | HAL_StatusTypeDef HAL_UART_Transmit(UART_HandleTypeDef *huart, const uint8_t *pData, uint16_t Size, uint32_t Timeout);
      |                                                                ~~~~~~~~~~~~~~~^~~~~
../Core/Src/main.c: At top level:
../Core/Src/main.c:378:13: warning: 'TIM1_IRQHandler' defined but not used [-Wunused-function]
  378 | static void TIM1_IRQHandler(TIM_HandleTypeDef *htim)
      |             ^~~~~~~~~~~~~~~
arm-none-eabi-g++ -o "TIMER.elf" @"objects.list"   -mcpu=cortex-m4 -T"C:\Users\musa\Desktop\STM_Projects\TIMER\STM32L4R5ZITXP_FLASH.ld" --specs=nosys.specs -Wl,-Map="TIMER.map" -Wl,--gc-sections -static --specs=nano.specs -mfpu=fpv4-sp-d16 -mfloat-abi=hard -mthumb -Wl,--start-group -lc -lm -lstdc++ -lsupc++ -Wl,--end-group
Finished building target: TIMER.elf
 
arm-none-eabi-size  TIMER.elf 
arm-none-eabi-objdump -h -S TIMER.elf  > "TIMER.list"
   text	   data	    bss	    dec	    hex	filename
  20108	     12	   1940	  22060	   562c	TIMER.elf
Finished building: default.size.stdout
 
Finished building: TIMER.list
 
22:21:47 **** Incremental Build of configuration Debug for project TIMER ****
make -j16 all 
arm-none-eabi-size  TIMER.elf 
   text	   data	    bss	    dec	    hex	filename
  20108	     12	   1940	  22060	   562c	TIMER.elf
Finished building: default.size.stdout
 
22:21:57 **** Incremental Build of configuration Debug for project TIMER ****
make -j16 all 
arm-none-eabi-size  TIMER.elf 
   text	   data	    bss	    dec	    hex	filename
  20108	     12	   1940	  22060	   562c	TIMER.elf
Finished building: default.size.stdout
 
22:23:33 **** Incremental Build of configuration Debug for project TIMER ****
make -j16 all 
arm-none-eabi-gcc "../Core/Src/main.c" -mcpu=cortex-m4 -std=gnu11 -g3 -DDEBUG -DUSE_HAL_DRIVER -DSTM32L4R5xx -c -I../Core/Inc -I../Drivers/STM32L4xx_HAL_Driver/Inc -I../Drivers/STM32L4xx_HAL_Driver/Inc/Legacy -I../Drivers/CMSIS/Device/ST/STM32L4xx/Include -I../Drivers/CMSIS/Include -O0 -ffunction-sections -fdata-sections -Wall -fstack-usage -fcyclomatic-complexity -MMD -MP -MF"Core/Src/main.d" -MT"Core/Src/main.o" --specs=nano.specs -mfpu=fpv4-sp-d16 -mfloat-abi=hard -mthumb -o "Core/Src/main.o"
../Core/Src/main.c: In function 'main':
../Core/Src/main.c:98:3: warning: implicit declaration of function 'MX_LPUART1_UART_Init'; did you mean 'MX_USART1_UART_Init'? [-Wimplicit-function-declaration]
   98 |   MX_LPUART1_UART_Init();
      |   ^~~~~~~~~~~~~~~~~~~~
      |   MX_USART1_UART_Init
../Core/Src/main.c:117:38: warning: pointer targets in passing argument 2 of 'HAL_UART_Transmit' differ in signedness [-Wpointer-sign]
  117 |           HAL_UART_Transmit(&huart1, "TEST \n", 6, 1000);
      |                                      ^~~~~~~~~
      |                                      |
      |                                      char *
In file included from ../Core/Inc/stm32l4xx_hal_conf.h:450,
                 from ../Drivers/STM32L4xx_HAL_Driver/Inc/stm32l4xx_hal.h:29,
                 from ../Core/Inc/main.h:30,
                 from ../Core/Src/main.c:20:
../Drivers/STM32L4xx_HAL_Driver/Inc/stm32l4xx_hal_uart.h:1696:79: note: expected 'const uint8_t *' {aka 'const unsigned char *'} but argument is of type 'char *'
 1696 | HAL_StatusTypeDef HAL_UART_Transmit(UART_HandleTypeDef *huart, const uint8_t *pData, uint16_t Size, uint32_t Timeout);
      |                                                                ~~~~~~~~~~~~~~~^~~~~
../Core/Src/main.c:110:11: warning: unused variable 'MSG' [-Wunused-variable]
  110 |   uint8_t MSG[30] = {'\0'};
      |           ^~~
../Core/Src/main.c:109:12: warning: unused variable 'counterTicks' [-Wunused-variable]
  109 |   uint16_t counterTicks = 0;
      |            ^~~~~~~~~~~~
../Core/Src/main.c: At top level:
../Core/Src/main.c:174:13: warning: conflicting types for 'MX_LPUART1_UART_Init'; have 'void(void)'
  174 | static void MX_LPUART1_UART_Init(void)
      |             ^~~~~~~~~~~~~~~~~~~~
../Core/Src/main.c:174:13: error: static declaration of 'MX_LPUART1_UART_Init' follows non-static declaration
../Core/Src/main.c:98:3: note: previous implicit declaration of 'MX_LPUART1_UART_Init' with type 'void(void)'
   98 |   MX_LPUART1_UART_Init();
      |   ^~~~~~~~~~~~~~~~~~~~
../Core/Src/main.c:378:13: warning: 'TIM1_IRQHandler' defined but not used [-Wunused-function]
  378 | static void TIM1_IRQHandler(TIM_HandleTypeDef *htim)
      |             ^~~~~~~~~~~~~~~
../Core/Src/main.c:174:13: warning: 'MX_LPUART1_UART_Init' defined but not used [-Wunused-function]
  174 | static void MX_LPUART1_UART_Init(void)
      |             ^~~~~~~~~~~~~~~~~~~~
make: *** [Core/Src/subdir.mk:37: Core/Src/main.o] Error 1
"make -j16 all" terminated with exit code 2. Build might be incomplete.
22:25:19 **** Incremental Build of configuration Debug for project TIMER ****
make -j16 all 
arm-none-eabi-gcc "../Core/Src/main.c" -mcpu=cortex-m4 -std=gnu11 -g3 -DDEBUG -DUSE_HAL_DRIVER -DSTM32L4R5xx -c -I../Core/Inc -I../Drivers/STM32L4xx_HAL_Driver/Inc -I../Drivers/STM32L4xx_HAL_Driver/Inc/Legacy -I../Drivers/CMSIS/Device/ST/STM32L4xx/Include -I../Drivers/CMSIS/Include -O0 -ffunction-sections -fdata-sections -Wall -fstack-usage -fcyclomatic-complexity -MMD -MP -MF"Core/Src/main.d" -MT"Core/Src/main.o" --specs=nano.specs -mfpu=fpv4-sp-d16 -mfloat-abi=hard -mthumb -o "Core/Src/main.o"
arm-none-eabi-gcc "../Core/Src/stm32l4xx_hal_msp.c" -mcpu=cortex-m4 -std=gnu11 -g3 -DDEBUG -DUSE_HAL_DRIVER -DSTM32L4R5xx -c -I../Core/Inc -I../Drivers/STM32L4xx_HAL_Driver/Inc -I../Drivers/STM32L4xx_HAL_Driver/Inc/Legacy -I../Drivers/CMSIS/Device/ST/STM32L4xx/Include -I../Drivers/CMSIS/Include -O0 -ffunction-sections -fdata-sections -Wall -fstack-usage -fcyclomatic-complexity -MMD -MP -MF"Core/Src/stm32l4xx_hal_msp.d" -MT"Core/Src/stm32l4xx_hal_msp.o" --specs=nano.specs -mfpu=fpv4-sp-d16 -mfloat-abi=hard -mthumb -o "Core/Src/stm32l4xx_hal_msp.o"
../Core/Src/main.c: In function 'main':
../Core/Src/main.c:114:38: warning: pointer targets in passing argument 2 of 'HAL_UART_Transmit' differ in signedness [-Wpointer-sign]
  114 |           HAL_UART_Transmit(&huart1, "TEST \n", 6, 1000);
      |                                      ^~~~~~~~~
      |                                      |
      |                                      char *
In file included from ../Core/Inc/stm32l4xx_hal_conf.h:450,
                 from ../Drivers/STM32L4xx_HAL_Driver/Inc/stm32l4xx_hal.h:29,
                 from ../Core/Inc/main.h:30,
                 from ../Core/Src/main.c:20:
../Drivers/STM32L4xx_HAL_Driver/Inc/stm32l4xx_hal_uart.h:1696:79: note: expected 'const uint8_t *' {aka 'const unsigned char *'} but argument is of type 'char *'
 1696 | HAL_StatusTypeDef HAL_UART_Transmit(UART_HandleTypeDef *huart, const uint8_t *pData, uint16_t Size, uint32_t Timeout);
      |                                                                ~~~~~~~~~~~~~~~^~~~~
../Core/Src/main.c:107:11: warning: unused variable 'MSG' [-Wunused-variable]
  107 |   uint8_t MSG[30] = {'\0'};
      |           ^~~
../Core/Src/main.c:106:12: warning: unused variable 'counterTicks' [-Wunused-variable]
  106 |   uint16_t counterTicks = 0;
      |            ^~~~~~~~~~~~
../Core/Src/main.c: At top level:
../Core/Src/main.c:326:13: warning: 'TIM1_IRQHandler' defined but not used [-Wunused-function]
  326 | static void TIM1_IRQHandler(TIM_HandleTypeDef *htim)
      |             ^~~~~~~~~~~~~~~
arm-none-eabi-g++ -o "TIMER.elf" @"objects.list"   -mcpu=cortex-m4 -T"C:\Users\musa\Desktop\STM_Projects\TIMER\STM32L4R5ZITXP_FLASH.ld" --specs=nosys.specs -Wl,-Map="TIMER.map" -Wl,--gc-sections -static --specs=nano.specs -mfpu=fpv4-sp-d16 -mfloat-abi=hard -mthumb -Wl,--start-group -lc -lm -lstdc++ -lsupc++ -Wl,--end-group
Finished building target: TIMER.elf
 
arm-none-eabi-size  TIMER.elf 
arm-none-eabi-objdump -h -S TIMER.elf  > "TIMER.list"
   text	   data	    bss	    dec	    hex	filename
  19784	     12	   1796	  21592	   5458	TIMER.elf
Finished building: default.size.stdout
 
[...]
  122 |           if(HAL_UART_Receive(&hlpuart1, (char *)RxBuffer, 20, 100))
      |                                          ^~~~~~~~~~~~~~~~
      |                                          |
      |                                          char *
In file included from ../Core/Inc/stm32l4xx_hal_conf.h:450,
                 from ../Drivers/STM32L4xx_HAL_Driver/Inc/stm32l4xx_hal.h:29,
                 from ../Core/Inc/main.h:30,
                 from ../Core/Src/main.c:20:
../Drivers/STM32L4xx_HAL_Driver/Inc/stm32l4xx_hal_uart.h:1697:72: note: expected 'uint8_t *' {aka 'unsigned char *'} but argument is of type 'char *'
 1697 | HAL_StatusTypeDef HAL_UART_Receive(UART_HandleTypeDef *huart, uint8_t *pData, uint16_t Size, uint32_t Timeout);
      |                                                               ~~~~~~~~~^~~~~
../Core/Src/main.c:124:19: warning: implicit declaration of function 'sprintf' [-Wimplicit-function-declaration]
  124 |                   sprintf(MSG, "Incoming msg = %s \r\n\r", RxBuffer);
      |                   ^~~~~~~
../Core/Src/main.c:25:1: note: include '<stdio.h>' or provide a declaration of 'sprintf'
   24 | #include "uart_driver.h"
  +++ |+#include <stdio.h>
   25 | /* USER CODE END Includes */
../Core/Src/main.c:124:19: warning: incompatible implicit declaration of built-in function 'sprintf' [-Wbuiltin-declaration-mismatch]
  124 |                   sprintf(MSG, "Incoming msg = %s \r\n\r", RxBuffer);
      |                   ^~~~~~~
../Core/Src/main.c:124:19: note: include '<stdio.h>' or provide a declaration of 'sprintf'
../Core/Src/main.c:115:8: warning: unused variable 'bufferDMA' [-Wunused-variable]
  115 |   char bufferDMA[20] = "BUFFER DMA\r\n";
      |        ^~~~~~~~~
../Core/Src/main.c:114:8: warning: unused variable 'bufferIT' [-Wunused-variable]
  114 |   char bufferIT[20] = "BUFFER IT\r\n";
      |        ^~~~~~~~
../Core/Src/main.c:112:12: warning: variable 'counterTicks' set but not used [-Wunused-but-set-variable]
  112 |   uint16_t counterTicks = 0;
      |            ^~~~~~~~~~~~
../Core/Src/main.c: At top level:
../Core/Src/main.c:380:13: warning: 'TIM1_IRQHandler' defined but not used [-Wunused-function]
  380 | static void TIM1_IRQHandler(TIM_HandleTypeDef *htim)
      |             ^~~~~~~~~~~~~~~
arm-none-eabi-g++ -o "TIMER.elf" @"objects.list"   -mcpu=cortex-m4 -T"C:\Users\musa\Desktop\STM_Projects\TIMER\STM32L4R5ZITXP_FLASH.ld" --specs=nosys.specs -Wl,-Map="TIMER.map" -Wl,--gc-sections -static --specs=nano.specs -mfpu=fpv4-sp-d16 -mfloat-abi=hard -mthumb -Wl,--start-group -lc -lm -lstdc++ -lsupc++ -Wl,--end-group
Finished building target: TIMER.elf
 
arm-none-eabi-size  TIMER.elf 
arm-none-eabi-objdump -h -S TIMER.elf  > "TIMER.list"
   text	   data	    bss	    dec	    hex	filename
  26848	     96	   2320	  29264	   7250	TIMER.elf
Finished building: default.size.stdout
 
Finished building: TIMER.list
 
20:31:00 **** Incremental Build of configuration Debug for project TIMER ****
make -j16 all 
arm-none-eabi-gcc "../Core/Src/main.c" -mcpu=cortex-m4 -std=gnu11 -g3 -DDEBUG -DUSE_HAL_DRIVER -DSTM32L4R5xx -c -I../Core/Inc -I../Drivers/STM32L4xx_HAL_Driver/Inc -I../Drivers/STM32L4xx_HAL_Driver/Inc/Legacy -I../Drivers/CMSIS/Device/ST/STM32L4xx/Include -I../Drivers/CMSIS/Include -O0 -ffunction-sections -fdata-sections -Wall -fstack-usage -fcyclomatic-complexity -MMD -MP -MF"Core/Src/main.d" -MT"Core/Src/main.o" --specs=nano.specs -mfpu=fpv4-sp-d16 -mfloat-abi=hard -mthumb -o "Core/Src/main.o"
../Core/Src/main.c: In function 'main':
../Core/Src/main.c:122:42: warning: pointer targets in passing argument 2 of 'HAL_UART_Receive' differ in signedness [-Wpointer-sign]
  122 |           if(HAL_UART_Receive(&hlpuart1, (char *)RxBuffer, 20, 100))
      |                                          ^~~~~~~~~~~~~~~~
      |                                          |
      |                                          char *
In file included from ../Core/Inc/stm32l4xx_hal_conf.h:450,
                 from ../Drivers/STM32L4xx_HAL_Driver/Inc/stm32l4xx_hal.h:29,
                 from ../Core/Inc/main.h:30,
                 from ../Core/Src/main.c:20:
../Drivers/STM32L4xx_HAL_Driver/Inc/stm32l4xx_hal_uart.h:1697:72: note: expected 'uint8_t *' {aka 'unsigned char *'} but argument is of type 'char *'
 1697 | HAL_StatusTypeDef HAL_UART_Receive(UART_HandleTypeDef *huart, uint8_t *pData, uint16_t Size, uint32_t Timeout);
      |                                                               ~~~~~~~~~^~~~~
../Core/Src/main.c:124:19: warning: implicit declaration of function 'sprintf' [-Wimplicit-function-declaration]
  124 |                   sprintf(MSG, "Incoming msg = %s \r\n\r", RxBuffer);
      |                   ^~~~~~~
../Core/Src/main.c:25:1: note: include '<stdio.h>' or provide a declaration of 'sprintf'
   24 | #include "uart_driver.h"
  +++ |+#include <stdio.h>
   25 | /* USER CODE END Includes */
../Core/Src/main.c:124:19: warning: incompatible implicit declaration of built-in function 'sprintf' [-Wbuiltin-declaration-mismatch]
  124 |                   sprintf(MSG, "Incoming msg = %s \r\n\r", RxBuffer);
      |                   ^~~~~~~
../Core/Src/main.c:124:19: note: include '<stdio.h>' or provide a declaration of 'sprintf'
../Core/Src/main.c:115:8: warning: unused variable 'bufferDMA' [-Wunused-variable]
  115 |   char bufferDMA[20] = "BUFFER DMA\r\n";
      |        ^~~~~~~~~
../Core/Src/main.c:114:8: warning: unused variable 'bufferIT' [-Wunused-variable]
  114 |   char bufferIT[20] = "BUFFER IT\r\n";
      |        ^~~~~~~~
../Core/Src/main.c:112:12: warning: variable 'counterTicks' set but not used [-Wunused-but-set-variable]
  112 |   uint16_t counterTicks = 0;
      |            ^~~~~~~~~~~~
../Core/Src/main.c: At top level:
../Core/Src/main.c:380:13: warning: 'TIM1_IRQHandler' defined but not used [-Wunused-function]
  380 | static void TIM1_IRQHandler(TIM_HandleTypeDef *htim)
      |             ^~~~~~~~~~~~~~~
arm-none-eabi-g++ -o "TIMER.elf" @"objects.list"   -mcpu=cortex-m4 -T"C:\Users\musa\Desktop\STM_Projects\TIMER\STM32L4R5ZITXP_FLASH.ld" --specs=nosys.specs -Wl,-Map="TIMER.map" -Wl,--gc-sections -static --specs=nano.specs -mfpu=fpv4-sp-d16 -mfloat-abi=hard -mthumb -Wl,--start-group -lc -lm -lstdc++ -lsupc++ -Wl,--end-group
Finished building target: TIMER.elf
 
arm-none-eabi-size  TIMER.elf 
arm-none-eabi-objdump -h -S TIMER.elf  > "TIMER.list"
   text	   data	    bss	    dec	    hex	filename
  26848	     96	   2320	  29264	   7250	TIMER.elf
Finished building: default.size.stdout
 
Finished building: TIMER.list
 
20:33:18 **** Incremental Build of configuration Debug for project TIMER ****
make -j16 all 
arm-none-eabi-gcc "../Core/Src/uart_driver.c" -mcpu=cortex-m4 -std=gnu11 -g3 -DDEBUG -DUSE_HAL_DRIVER -DSTM32L4R5xx -c -I../Core/Inc -I../Drivers/STM32L4xx_HAL_Driver/Inc -I../Drivers/STM32L4xx_HAL_Driver/Inc/Legacy -I../Drivers/CMSIS/Device/ST/STM32L4xx/Include -I../Drivers/CMSIS/Include -O0 -ffunction-sections -fdata-sections -Wall -fstack-usage -fcyclomatic-complexity -MMD -MP -MF"Core/Src/uart_driver.d" -MT"Core/Src/uart_driver.o" --specs=nano.specs -mfpu=fpv4-sp-d16 -mfloat-abi=hard -mthumb -o "Core/Src/uart_driver.o"
../Core/Src/uart_driver.c: In function 'transmit_UART_MSG_Pooling':
../Core/Src/uart_driver.c:29:37: warning: pointer targets in passing argument 2 of 'HAL_UART_Transmit' differ in signedness [-Wpointer-sign]
   29 |         HAL_UART_Transmit(hlpuart1, (char *)msg, size_msg, UART_TIMEOUT);
      |                                     ^~~~~~~~~~~
      |                                     |
      |                                     char *
In file included from ../Core/Inc/stm32l4xx_hal_conf.h:450,
                 from ../Drivers/STM32L4xx_HAL_Driver/Inc/stm32l4xx_hal.h:29,
                 from ../Core/Inc/uart_driver.h:11,
                 from ../Core/Src/uart_driver.c:9:
../Drivers/STM32L4xx_HAL_Driver/Inc/stm32l4xx_hal_uart.h:1696:79: note: expected 'const uint8_t *' {aka 'const unsigned char *'} but argument is of type 'char *'
 1696 | HAL_StatusTypeDef HAL_UART_Transmit(UART_HandleTypeDef *huart, const uint8_t *pData, uint16_t Size, uint32_t Timeout);
      |                                                                ~~~~~~~~~~~~~~~^~~~~
arm-none-eabi-g++ -o "TIMER.elf" @"objects.list"   -mcpu=cortex-m4 -T"C:\Users\musa\Desktop\STM_Projects\TIMER\STM32L4R5ZITXP_FLASH.ld" --specs=nosys.specs -Wl,-Map="TIMER.map" -Wl,--gc-sections -static --specs=nano.specs -mfpu=fpv4-sp-d16 -mfloat-abi=hard -mthumb -Wl,--start-group -lc -lm -lstdc++ -lsupc++ -Wl,--end-group
Finished building target: TIMER.elf
 
arm-none-eabi-size  TIMER.elf 
arm-none-eabi-objdump -h -S TIMER.elf  > "TIMER.list"
   text	   data	    bss	    dec	    hex	filename
  26824	     96	   2320	  29240	   7238	TIMER.elf
Finished building: default.size.stdout
 
Finished building: TIMER.list
 
20:36:20 **** Incremental Build of configuration Debug for project TIMER ****
make -j16 all 
arm-none-eabi-gcc "../Core/Src/main.c" -mcpu=cortex-m4 -std=gnu11 -g3 -DDEBUG -DUSE_HAL_DRIVER -DSTM32L4R5xx -c -I../Core/Inc -I../Drivers/STM32L4xx_HAL_Driver/Inc -I../Drivers/STM32L4xx_HAL_Driver/Inc/Legacy -I../Drivers/CMSIS/Device/ST/STM32L4xx/Include -I../Drivers/CMSIS/Include -O0 -ffunction-sections -fdata-sections -Wall -fstack-usage -fcyclomatic-complexity -MMD -MP -MF"Core/Src/main.d" -MT"Core/Src/main.o" --specs=nano.specs -mfpu=fpv4-sp-d16 -mfloat-abi=hard -mthumb -o "Core/Src/main.o"
../Core/Src/main.c: In function 'main':
../Core/Src/main.c:122:42: warning: pointer targets in passing argument 2 of 'HAL_UART_Receive' differ in signedness [-Wpointer-sign]
  122 |           if(HAL_UART_Receive(&hlpuart1, (char *)RxBuffer, 20, 100) == HAL_OK)
      |                                          ^~~~~~~~~~~~~~~~
      |                                          |
      |                                          char *
In file included from ../Core/Inc/stm32l4xx_hal_conf.h:450,
                 from ../Drivers/STM32L4xx_HAL_Driver/Inc/stm32l4xx_hal.h:29,
                 from ../Core/Inc/main.h:30,
                 from ../Core/Src/main.c:20:
../Drivers/STM32L4xx_HAL_Driver/Inc/stm32l4xx_hal_uart.h:1697:72: note: expected 'uint8_t *' {aka 'unsigned char *'} but argument is of type 'char *'
 1697 | HAL_StatusTypeDef HAL_UART_Receive(UART_HandleTypeDef *huart, uint8_t *pData, uint16_t Size, uint32_t Timeout);
      |                                                               ~~~~~~~~~^~~~~
../Core/Src/main.c:124:19: warning: implicit declaration of function 'sprintf' [-Wimplicit-function-declaration]
  124 |                   sprintf(MSG, "Incoming msg = %s \r\n\r", RxBuffer);
      |                   ^~~~~~~
../Core/Src/main.c:25:1: note: include '<stdio.h>' or provide a declaration of 'sprintf'
   24 | #include "uart_driver.h"
  +++ |+#include <stdio.h>
   25 | /* USER CODE END Includes */
../Core/Src/main.c:124:19: warning: incompatible implicit declaration of built-in function 'sprintf' [-Wbuiltin-declaration-mismatch]
  124 |                   sprintf(MSG, "Incoming msg = %s \r\n\r", RxBuffer);
      |                   ^~~~~~~
../Core/Src/main.c:124:19: note: include '<stdio.h>' or provide a declaration of 'sprintf'
../Core/Src/main.c:115:8: warning: unused variable 'bufferDMA' [-Wunused-variable]
  115 |   char bufferDMA[20] = "BUFFER DMA\r\n";
      |        ^~~~~~~~~
../Core/Src/main.c:114:8: warning: unused variable 'bufferIT' [-Wunused-variable]
  114 |   char bufferIT[20] = "BUFFER IT\r\n";
      |        ^~~~~~~~
../Core/Src/main.c:112:12: warning: variable 'counterTicks' set but not used [-Wunused-but-set-variable]
  112 |   uint16_t counterTicks = 0;
      |            ^~~~~~~~~~~~
../Core/Src/main.c: At top level:
../Core/Src/main.c:380:13: warning: 'TIM1_IRQHandler' defined but not used [-Wunused-function]
  380 | static void TIM1_IRQHandler(TIM_HandleTypeDef *htim)
      |             ^~~~~~~~~~~~~~~
arm-none-eabi-g++ -o "TIMER.elf" @"objects.list"   -mcpu=cortex-m4 -T"C:\Users\musa\Desktop\STM_Projects\TIMER\STM32L4R5ZITXP_FLASH.ld" --specs=nosys.specs -Wl,-Map="TIMER.map" -Wl,--gc-sections -static --specs=nano.specs -mfpu=fpv4-sp-d16 -mfloat-abi=hard -mthumb -Wl,--start-group -lc -lm -lstdc++ -lsupc++ -Wl,--end-group
Finished building target: TIMER.elf
 
arm-none-eabi-size  TIMER.elf 
arm-none-eabi-objdump -h -S TIMER.elf  > "TIMER.list"
   text	   data	    bss	    dec	    hex	filename
  26824	     96	   2320	  29240	   7238	TIMER.elf
Finished building: default.size.stdout
 
Finished building: TIMER.list
 
20:37:15 **** Incremental Build of configuration Debug for project TIMER ****
make -j16 all 
arm-none-eabi-gcc "../Core/Src/main.c" -mcpu=cortex-m4 -std=gnu11 -g3 -DDEBUG -DUSE_HAL_DRIVER -DSTM32L4R5xx -c -I../Core/Inc -I../Drivers/STM32L4xx_HAL_Driver/Inc -I../Drivers/STM32L4xx_HAL_Driver/Inc/Legacy -I../Drivers/CMSIS/Device/ST/STM32L4xx/Include -I../Drivers/CMSIS/Include -O0 -ffunction-sections -fdata-sections -Wall -fstack-usage -fcyclomatic-complexity -MMD -MP -MF"Core/Src/main.d" -MT"Core/Src/main.o" --specs=nano.specs -mfpu=fpv4-sp-d16 -mfloat-abi=hard -mthumb -o "Core/Src/main.o"
../Core/Src/main.c: In function 'main':
../Core/Src/main.c:122:42: warning: pointer targets in passing argument 2 of 'HAL_UART_Receive' differ in signedness [-Wpointer-sign]
  122 |           if(HAL_UART_Receive(&hlpuart1, (char *)RxBuffer, 20, 100) == HAL_OK)
      |                                          ^~~~~~~~~~~~~~~~
      |                                          |
      |                                          char *
In file included from ../Core/Inc/stm32l4xx_hal_conf.h:450,
                 from ../Drivers/STM32L4xx_HAL_Driver/Inc/stm32l4xx_hal.h:29,
                 from ../Core/Inc/main.h:30,
                 from ../Core/Src/main.c:20:
../Drivers/STM32L4xx_HAL_Driver/Inc/stm32l4xx_hal_uart.h:1697:72: note: expected 'uint8_t *' {aka 'unsigned char *'} but argument is of type 'char *'
 1697 | HAL_StatusTypeDef HAL_UART_Receive(UART_HandleTypeDef *huart, uint8_t *pData, uint16_t Size, uint32_t Timeout);
      |                                                               ~~~~~~~~~^~~~~
../Core/Src/main.c:124:19: warning: implicit declaration of function 'sprintf' [-Wimplicit-function-declaration]
  124 |                   sprintf(MSG, "Incoming msg = %s \r\n\r", RxBuffer);
      |                   ^~~~~~~
../Core/Src/main.c:25:1: note: include '<stdio.h>' or provide a declaration of 'sprintf'
   24 | #include "uart_driver.h"
  +++ |+#include <stdio.h>
   25 | /* USER CODE END Includes */
../Core/Src/main.c:124:19: warning: incompatible implicit declaration of built-in function 'sprintf' [-Wbuiltin-declaration-mismatch]
  124 |                   sprintf(MSG, "Incoming msg = %s \r\n\r", RxBuffer);
      |                   ^~~~~~~
../Core/Src/main.c:124:19: note: include '<stdio.h>' or provide a declaration of 'sprintf'
../Core/Src/main.c:115:8: warning: unused variable 'bufferDMA' [-Wunused-variable]
  115 |   char bufferDMA[20] = "BUFFER DMA\r\n";
      |        ^~~~~~~~~
../Core/Src/main.c:114:8: warning: unused variable 'bufferIT' [-Wunused-variable]
  114 |   char bufferIT[20] = "BUFFER IT\r\n";
      |        ^~~~~~~~
../Core/Src/main.c:112:12: warning: unused variable 'counterTicks' [-Wunused-variable]
  112 |   uint16_t counterTicks = 0;
      |            ^~~~~~~~~~~~
../Core/Src/main.c: At top level:
../Core/Src/main.c:380:13: warning: 'TIM1_IRQHandler' defined but not used [-Wunused-function]
  380 | static void TIM1_IRQHandler(TIM_HandleTypeDef *htim)
      |             ^~~~~~~~~~~~~~~
arm-none-eabi-g++ -o "TIMER.elf" @"objects.list"   -mcpu=cortex-m4 -T"C:\Users\musa\Desktop\STM_Projects\TIMER\STM32L4R5ZITXP_FLASH.ld" --specs=nosys.specs -Wl,-Map="TIMER.map" -Wl,--gc-sections -static --specs=nano.specs -mfpu=fpv4-sp-d16 -mfloat-abi=hard -mthumb -Wl,--start-group -lc -lm -lstdc++ -lsupc++ -Wl,--end-group
Finished building target: TIMER.elf
 
arm-none-eabi-size  TIMER.elf 
arm-none-eabi-objdump -h -S TIMER.elf  > "TIMER.list"
   text	   data	    bss	    dec	    hex	filename
  26576	     96	   2320	  28992	   7140	TIMER.elf
Finished building: default.size.stdout
 
Finished building: TIMER.list
 
20:40:05 **** Incremental Build of configuration Debug for project TIMER ****
make -j16 all 
arm-none-eabi-gcc "../Core/Src/main.c" -mcpu=cortex-m4 -std=gnu11 -g3 -DDEBUG -DUSE_HAL_DRIVER -DSTM32L4R5xx -c -I../Core/Inc -I../Drivers/STM32L4xx_HAL_Driver/Inc -I../Drivers/STM32L4xx_HAL_Driver/Inc/Legacy -I../Drivers/CMSIS/Device/ST/STM32L4xx/Include -I../Drivers/CMSIS/Include -O0 -ffunction-sections -fdata-sections -Wall -fstack-usage -fcyclomatic-complexity -MMD -MP -MF"Core/Src/main.d" -MT"Core/Src/main.o" --specs=nano.specs -mfpu=fpv4-sp-d16 -mfloat-abi=hard -mthumb -o "Core/Src/main.o"
../Core/Src/main.c: In function 'main':
../Core/Src/main.c:122:42: warning: pointer targets in passing argument 2 of 'HAL_UART_Receive' differ in signedness [-Wpointer-sign]
  122 |           if(HAL_UART_Receive(&hlpuart1, (char *)RxBuffer, 20, 100) == HAL_OK)
      |                                          ^~~~~~~~~~~~~~~~
      |                                          |
      |                                          char *
In file included from ../Core/Inc/stm32l4xx_hal_conf.h:450,
                 from ../Drivers/STM32L4xx_HAL_Driver/Inc/stm32l4xx_hal.h:29,
                 from ../Core/Inc/main.h:30,
                 from ../Core/Src/main.c:20:
../Drivers/STM32L4xx_HAL_Driver/Inc/stm32l4xx_hal_uart.h:1697:72: note: expected 'uint8_t *' {aka 'unsigned char *'} but argument is of type 'char *'
 1697 | HAL_StatusTypeDef HAL_UART_Receive(UART_HandleTypeDef *huart, uint8_t *pData, uint16_t Size, uint32_t Timeout);
      |                                                               ~~~~~~~~~^~~~~
../Core/Src/main.c:125:19: warning: implicit declaration of function 'sprintf' [-Wimplicit-function-declaration]
  125 |                   sprintf(MSG, "Incoming msg = %s \r\n\r", RxBuffer);
      |                   ^~~~~~~
../Core/Src/main.c:25:1: note: include '<stdio.h>' or provide a declaration of 'sprintf'
   24 | #include "uart_driver.h"
  +++ |+#include <stdio.h>
   25 | /* USER CODE END Includes */
../Core/Src/main.c:125:19: warning: incompatible implicit declaration of built-in function 'sprintf' [-Wbuiltin-declaration-mismatch]
  125 |                   sprintf(MSG, "Incoming msg = %s \r\n\r", RxBuffer);
      |                   ^~~~~~~
../Core/Src/main.c:125:19: note: include '<stdio.h>' or provide a declaration of 'sprintf'
../Core/Src/main.c:115:8: warning: unused variable 'bufferDMA' [-Wunused-variable]
  115 |   char bufferDMA[20] = "BUFFER DMA\r\n";
      |        ^~~~~~~~~
../Core/Src/main.c:114:8: warning: unused variable 'bufferIT' [-Wunused-variable]
  114 |   char bufferIT[20] = "BUFFER IT\r\n";
      |        ^~~~~~~~
../Core/Src/main.c:112:12: warning: variable 'counterTicks' set but not used [-Wunused-but-set-variable]
  112 |   uint16_t counterTicks = 0;
      |            ^~~~~~~~~~~~
../Core/Src/main.c: At top level:
../Core/Src/main.c:381:13: warning: 'TIM1_IRQHandler' defined but not used [-Wunused-function]
  381 | static void TIM1_IRQHandler(TIM_HandleTypeDef *htim)
      |             ^~~~~~~~~~~~~~~
arm-none-eabi-g++ -o "TIMER.elf" @"objects.list"   -mcpu=cortex-m4 -T"C:\Users\musa\Desktop\STM_Projects\TIMER\STM32L4R5ZITXP_FLASH.ld" --specs=nosys.specs -Wl,-Map="TIMER.map" -Wl,--gc-sections -static --specs=nano.specs -mfpu=fpv4-sp-d16 -mfloat-abi=hard -mthumb -Wl,--start-group -lc -lm -lstdc++ -lsupc++ -Wl,--end-group
Finished building target: TIMER.elf
 
arm-none-eabi-size  TIMER.elf 
arm-none-eabi-objdump -h -S TIMER.elf  > "TIMER.list"
   text	   data	    bss	    dec	    hex	filename
  26828	     96	   2320	  29244	   723c	TIMER.elf
Finished building: default.size.stdout
 
Finished building: TIMER.list
 
