21:42:49 **** Incremental Build of configuration Debug for project GPIO ****
make -j16 all 
arm-none-eabi-g++ "../Core/Src/main.cpp" -mcpu=cortex-m4 -std=gnu++14 -g3 -DDEBUG -DUSE_HAL_DRIVER -DSTM32L4R5xx -c -I../Core/Inc -I../Drivers/STM32L4xx_HAL_Driver/Inc -I../Drivers/STM32L4xx_HAL_Driver/Inc/Legacy -I../Drivers/CMSIS/Device/ST/STM32L4xx/Include -I../Drivers/CMSIS/Include -O0 -ffunction-sections -fdata-sections -fno-exceptions -fno-rtti -fno-use-cxa-atexit -Wall -fstack-usage -fcyclomatic-complexity -MMD -MP -MF"Core/Src/main.d" -MT"Core/Src/main.o" --specs=nano.specs -mfpu=fpv4-sp-d16 -mfloat-abi=hard -mthumb -o "Core/Src/main.o"
In file included from ../Core/Inc/stm32l4xx_hal_conf.h:262,
                 from ../Drivers/STM32L4xx_HAL_Driver/Inc/stm32l4xx_hal.h:29,
                 from ../Core/Inc/main.h:30,
                 from ../Core/Src/main.cpp:20:
../Core/Src/main.cpp: In function 'int main()':
../Drivers/STM32L4xx_HAL_Driver/Inc/stm32l4xx_hal_gpio.h:97:37: warning: conversion from 'uint16_t' {aka 'short unsigned int'} to 'uint8_t' {aka 'unsigned char'} changes value from '16384' to '0' [-Woverflow]
   97 | #define GPIO_PIN_14                ((uint16_t)0x4000)  /* Pin 14 selected   */
      |                                    ~^~~~~~~~~~~~~~~~~
../Core/Src/main.cpp:109:21: note: in expansion of macro 'GPIO_PIN_14'
  109 |   uint8_t led3Pin = GPIO_PIN_14;
      |                     ^~~~~~~~~~~
arm-none-eabi-g++ -o "GPIO.elf" @"objects.list"   -mcpu=cortex-m4 -T"C:\Users\musa\Desktop\STM_Projects\GPIO\STM32L4R5ZITXP_FLASH.ld" --specs=nosys.specs -Wl,-Map="GPIO.map" -Wl,--gc-sections -static --specs=nano.specs -mfpu=fpv4-sp-d16 -mfloat-abi=hard -mthumb -Wl,--start-group -lc -lm -lstdc++ -lsupc++ -Wl,--end-group
Finished building target: GPIO.elf
 
arm-none-eabi-size  GPIO.elf 
arm-none-eabi-objdump -h -S GPIO.elf  > "GPIO.list"
   text	   data	    bss	    dec	    hex	filename
   7292	     20	   1572	   8884	   22b4	GPIO.elf
Finished building: default.size.stdout
 
Finished building: GPIO.list
 

21:42:49 Build Finished. 0 errors, 1 warnings. (took 616ms)

